[2020-07-07T20:36:13.330+0530][gc,heap] Heap region size: 1M
[2020-07-07T20:36:13.343+0530][gc     ] Using G1
[2020-07-07T20:36:13.343+0530][gc,heap,coops] Heap address: 0x00000000c0000000, size: 1024 MB, Compressed Oops mode: 32-bit
[2020-07-07T20:36:13.343+0530][gc,cds       ] Mark closed archive regions in map: [0x00000000fff00000, 0x00000000fff69ff8]
[2020-07-07T20:36:13.343+0530][gc,cds       ] Mark open archive regions in map: [0x00000000ffe00000, 0x00000000ffe46ff8]
[2020-07-07T20:36:15.293+0530][gc,start     ] GC(0) Pause Young (Normal) (G1 Evacuation Pause)
[2020-07-07T20:36:15.295+0530][gc,task      ] GC(0) Using 8 workers of 8 for evacuation
[2020-07-07T20:36:15.303+0530][gc,phases    ] GC(0)   Pre Evacuate Collection Set: 0.0ms
[2020-07-07T20:36:15.303+0530][gc,phases    ] GC(0)   Evacuate Collection Set: 8.0ms
[2020-07-07T20:36:15.303+0530][gc,phases    ] GC(0)   Post Evacuate Collection Set: 0.4ms
[2020-07-07T20:36:15.303+0530][gc,phases    ] GC(0)   Other: 1.2ms
[2020-07-07T20:36:15.303+0530][gc,heap      ] GC(0) Eden regions: 51->0(44)
[2020-07-07T20:36:15.303+0530][gc,heap      ] GC(0) Survivor regions: 0->7(7)
[2020-07-07T20:36:15.303+0530][gc,heap      ] GC(0) Old regions: 2->2
[2020-07-07T20:36:15.303+0530][gc,heap      ] GC(0) Humongous regions: 0->0
[2020-07-07T20:36:15.303+0530][gc,metaspace ] GC(0) Metaspace: 15484K->15484K(1062912K)
[2020-07-07T20:36:15.303+0530][gc           ] GC(0) Pause Young (Normal) (G1 Evacuation Pause) 51M->6M(1024M) 9.742ms
[2020-07-07T20:36:15.303+0530][gc,cpu       ] GC(0) User=0.06s Sys=0.00s Real=0.02s
[2020-07-07T20:36:15.784+0530][gc,start     ] GC(1) Pause Young (Concurrent Start) (Metadata GC Threshold)
[2020-07-07T20:36:15.785+0530][gc,task      ] GC(1) Using 8 workers of 8 for evacuation
[2020-07-07T20:36:15.793+0530][gc,phases    ] GC(1)   Pre Evacuate Collection Set: 0.1ms
[2020-07-07T20:36:15.793+0530][gc,phases    ] GC(1)   Evacuate Collection Set: 8.3ms
[2020-07-07T20:36:15.793+0530][gc,phases    ] GC(1)   Post Evacuate Collection Set: 0.4ms
[2020-07-07T20:36:15.793+0530][gc,phases    ] GC(1)   Other: 0.3ms
[2020-07-07T20:36:15.793+0530][gc,heap      ] GC(1) Eden regions: 22->0(49)
[2020-07-07T20:36:15.793+0530][gc,heap      ] GC(1) Survivor regions: 7->2(7)
[2020-07-07T20:36:15.793+0530][gc,heap      ] GC(1) Old regions: 2->9
[2020-07-07T20:36:15.794+0530][gc,heap      ] GC(1) Humongous regions: 129->129
[2020-07-07T20:36:15.794+0530][gc,metaspace ] GC(1) Metaspace: 20515K->20515K(1067008K)
[2020-07-07T20:36:15.794+0530][gc           ] GC(1) Pause Young (Concurrent Start) (Metadata GC Threshold) 157M->137M(1024M) 9.038ms
[2020-07-07T20:36:15.794+0530][gc,cpu       ] GC(1) User=0.05s Sys=0.00s Real=0.00s
[2020-07-07T20:36:15.794+0530][gc           ] GC(2) Concurrent Cycle
[2020-07-07T20:36:15.794+0530][gc,marking   ] GC(2) Concurrent Clear Claimed Marks
[2020-07-07T20:36:15.794+0530][gc,marking   ] GC(2) Concurrent Clear Claimed Marks 0.040ms
[2020-07-07T20:36:15.794+0530][gc,marking   ] GC(2) Concurrent Scan Root Regions
[2020-07-07T20:36:15.794+0530][gc,marking   ] GC(2) Concurrent Scan Root Regions 0.824ms
[2020-07-07T20:36:15.794+0530][gc,marking   ] GC(2) Concurrent Mark (2.468s)
[2020-07-07T20:36:15.794+0530][gc,marking   ] GC(2) Concurrent Mark From Roots
[2020-07-07T20:36:15.795+0530][gc,task      ] GC(2) Using 2 workers of 2 for marking
[2020-07-07T20:36:15.801+0530][gc,marking   ] GC(2) Concurrent Mark From Roots 6.993ms
[2020-07-07T20:36:15.802+0530][gc,marking   ] GC(2) Concurrent Preclean
[2020-07-07T20:36:15.802+0530][gc,marking   ] GC(2) Concurrent Preclean 0.130ms
[2020-07-07T20:36:15.802+0530][gc,marking   ] GC(2) Concurrent Mark (2.468s, 2.476s) 7.172ms
[2020-07-07T20:36:15.802+0530][gc,start     ] GC(2) Pause Remark
[2020-07-07T20:36:15.804+0530][gc,stringtable] GC(2) Cleaned string and symbol table, strings: 4972 processed, 0 removed, symbols: 50851 processed, 44 removed
[2020-07-07T20:36:15.805+0530][gc            ] GC(2) Pause Remark 138M->138M(1024M) 2.262ms
[2020-07-07T20:36:15.805+0530][gc,cpu        ] GC(2) User=0.01s Sys=0.00s Real=0.01s
[2020-07-07T20:36:15.805+0530][gc,marking    ] GC(2) Concurrent Rebuild Remembered Sets
[2020-07-07T20:36:15.808+0530][gc,marking    ] GC(2) Concurrent Rebuild Remembered Sets 3.521ms
[2020-07-07T20:36:15.808+0530][gc,start      ] GC(2) Pause Cleanup
[2020-07-07T20:36:15.809+0530][gc            ] GC(2) Pause Cleanup 138M->138M(1024M) 0.217ms
[2020-07-07T20:36:15.809+0530][gc,cpu        ] GC(2) User=0.00s Sys=0.00s Real=0.00s
[2020-07-07T20:36:15.809+0530][gc,marking    ] GC(2) Concurrent Cleanup for Next Mark
[2020-07-07T20:36:15.812+0530][gc,marking    ] GC(2) Concurrent Cleanup for Next Mark 3.789ms
[2020-07-07T20:36:15.812+0530][gc            ] GC(2) Concurrent Cycle 18.888ms
[2020-07-07T20:36:16.615+0530][gc,start      ] GC(3) Pause Young (Normal) (G1 Evacuation Pause)
[2020-07-07T20:36:16.615+0530][gc,task       ] GC(3) Using 8 workers of 8 for evacuation
[2020-07-07T20:36:16.621+0530][gc,phases     ] GC(3)   Pre Evacuate Collection Set: 0.0ms
[2020-07-07T20:36:16.621+0530][gc,phases     ] GC(3)   Evacuate Collection Set: 4.8ms
[2020-07-07T20:36:16.621+0530][gc,phases     ] GC(3)   Post Evacuate Collection Set: 0.4ms
[2020-07-07T20:36:16.621+0530][gc,phases     ] GC(3)   Other: 0.2ms
[2020-07-07T20:36:16.621+0530][gc,heap       ] GC(3) Eden regions: 49->0(46)
[2020-07-07T20:36:16.621+0530][gc,heap       ] GC(3) Survivor regions: 2->5(7)
[2020-07-07T20:36:16.621+0530][gc,heap       ] GC(3) Old regions: 9->9
[2020-07-07T20:36:16.621+0530][gc,heap       ] GC(3) Humongous regions: 129->129
[2020-07-07T20:36:16.621+0530][gc,metaspace  ] GC(3) Metaspace: 29907K->29907K(1077248K)
[2020-07-07T20:36:16.621+0530][gc            ] GC(3) Pause Young (Normal) (G1 Evacuation Pause) 186M->140M(1024M) 5.410ms
[2020-07-07T20:36:16.621+0530][gc,cpu        ] GC(3) User=0.04s Sys=0.00s Real=0.00s
[2020-07-07T20:41:28.495+0530][gc,start      ] GC(4) Pause Young (Concurrent Start) (Metadata GC Threshold)
[2020-07-07T20:41:28.495+0530][gc,task       ] GC(4) Using 8 workers of 8 for evacuation
[2020-07-07T20:41:28.510+0530][gc,phases     ] GC(4)   Pre Evacuate Collection Set: 0.2ms
[2020-07-07T20:41:28.510+0530][gc,phases     ] GC(4)   Evacuate Collection Set: 13.7ms
[2020-07-07T20:41:28.510+0530][gc,phases     ] GC(4)   Post Evacuate Collection Set: 0.4ms
[2020-07-07T20:41:28.510+0530][gc,phases     ] GC(4)   Other: 0.4ms
[2020-07-07T20:41:28.510+0530][gc,heap       ] GC(4) Eden regions: 23->0(49)
[2020-07-07T20:41:28.510+0530][gc,heap       ] GC(4) Survivor regions: 5->2(7)
[2020-07-07T20:41:28.510+0530][gc,heap       ] GC(4) Old regions: 9->13
[2020-07-07T20:41:28.510+0530][gc,heap       ] GC(4) Humongous regions: 129->129
[2020-07-07T20:41:28.510+0530][gc,metaspace  ] GC(4) Metaspace: 34265K->34265K(1081344K)
[2020-07-07T20:41:28.510+0530][gc            ] GC(4) Pause Young (Concurrent Start) (Metadata GC Threshold) 163M->141M(1024M) 14.746ms
[2020-07-07T20:41:28.510+0530][gc,cpu        ] GC(4) User=0.08s Sys=0.01s Real=0.01s
[2020-07-07T20:41:28.510+0530][gc            ] GC(5) Concurrent Cycle
[2020-07-07T20:41:28.510+0530][gc,marking    ] GC(5) Concurrent Clear Claimed Marks
[2020-07-07T20:41:28.510+0530][gc,marking    ] GC(5) Concurrent Clear Claimed Marks 0.123ms
[2020-07-07T20:41:28.510+0530][gc,marking    ] GC(5) Concurrent Scan Root Regions
[2020-07-07T20:41:28.511+0530][gc,marking    ] GC(5) Concurrent Scan Root Regions 1.043ms
[2020-07-07T20:41:28.511+0530][gc,marking    ] GC(5) Concurrent Mark (315.185s)
[2020-07-07T20:41:28.511+0530][gc,marking    ] GC(5) Concurrent Mark From Roots
[2020-07-07T20:41:28.511+0530][gc,task       ] GC(5) Using 2 workers of 2 for marking
[2020-07-07T20:41:28.520+0530][gc,marking    ] GC(5) Concurrent Mark From Roots 8.976ms
[2020-07-07T20:41:28.520+0530][gc,marking    ] GC(5) Concurrent Preclean
[2020-07-07T20:41:28.520+0530][gc,marking    ] GC(5) Concurrent Preclean 0.153ms
[2020-07-07T20:41:28.520+0530][gc,marking    ] GC(5) Concurrent Mark (315.185s, 315.194s) 9.183ms
[2020-07-07T20:41:28.520+0530][gc,start      ] GC(5) Pause Remark
[2020-07-07T20:41:28.523+0530][gc,stringtable] GC(5) Cleaned string and symbol table, strings: 10323 processed, 10 removed, symbols: 79403 processed, 19 removed
[2020-07-07T20:41:28.523+0530][gc            ] GC(5) Pause Remark 142M->142M(1024M) 2.721ms
[2020-07-07T20:41:28.523+0530][gc,cpu        ] GC(5) User=0.02s Sys=0.00s Real=0.01s
[2020-07-07T20:41:28.523+0530][gc,marking    ] GC(5) Concurrent Rebuild Remembered Sets
[2020-07-07T20:41:28.528+0530][gc,marking    ] GC(5) Concurrent Rebuild Remembered Sets 5.017ms
[2020-07-07T20:41:28.528+0530][gc,start      ] GC(5) Pause Cleanup
[2020-07-07T20:41:28.529+0530][gc            ] GC(5) Pause Cleanup 142M->142M(1024M) 0.223ms
[2020-07-07T20:41:28.529+0530][gc,cpu        ] GC(5) User=0.00s Sys=0.00s Real=0.00s
[2020-07-07T20:41:28.529+0530][gc,marking    ] GC(5) Concurrent Cleanup for Next Mark
[2020-07-07T20:41:28.533+0530][gc,marking    ] GC(5) Concurrent Cleanup for Next Mark 4.065ms
[2020-07-07T20:41:28.533+0530][gc            ] GC(5) Concurrent Cycle 22.863ms
[2020-07-07T20:46:28.356+0530][gc,start      ] GC(6) Pause Young (Normal) (G1 Evacuation Pause)
[2020-07-07T20:46:28.356+0530][gc,task       ] GC(6) Using 8 workers of 8 for evacuation
[2020-07-07T20:46:28.368+0530][gc,phases     ] GC(6)   Pre Evacuate Collection Set: 0.1ms
[2020-07-07T20:46:28.369+0530][gc,phases     ] GC(6)   Evacuate Collection Set: 10.7ms
[2020-07-07T20:46:28.369+0530][gc,phases     ] GC(6)   Post Evacuate Collection Set: 1.7ms
[2020-07-07T20:46:28.369+0530][gc,phases     ] GC(6)   Other: 0.5ms
[2020-07-07T20:46:28.369+0530][gc,heap       ] GC(6) Eden regions: 49->0(47)
[2020-07-07T20:46:28.369+0530][gc,heap       ] GC(6) Survivor regions: 2->4(7)
[2020-07-07T20:46:28.369+0530][gc,heap       ] GC(6) Old regions: 13->13
[2020-07-07T20:46:28.369+0530][gc,heap       ] GC(6) Humongous regions: 129->129
[2020-07-07T20:46:28.369+0530][gc,metaspace  ] GC(6) Metaspace: 37532K->37532K(1083392K)
[2020-07-07T20:46:28.369+0530][gc            ] GC(6) Pause Young (Normal) (G1 Evacuation Pause) 190M->144M(1024M) 13.356ms
[2020-07-07T20:46:28.369+0530][gc,cpu        ] GC(6) User=0.07s Sys=0.01s Real=0.01s
[2020-07-07T20:57:12.991+0530][gc,start      ] GC(7) Pause Young (Normal) (G1 Evacuation Pause)
[2020-07-07T20:57:12.991+0530][gc,task       ] GC(7) Using 8 workers of 8 for evacuation
[2020-07-07T20:57:13.017+0530][gc,mmu        ] GC(7) MMU target violated: 21.0ms (20.0ms/21.0ms)
[2020-07-07T20:57:13.018+0530][gc,phases     ] GC(7)   Pre Evacuate Collection Set: 0.1ms
[2020-07-07T20:57:13.018+0530][gc,phases     ] GC(7)   Evacuate Collection Set: 24.4ms
[2020-07-07T20:57:13.018+0530][gc,phases     ] GC(7)   Post Evacuate Collection Set: 1.4ms
[2020-07-07T20:57:13.018+0530][gc,phases     ] GC(7)   Other: 0.7ms
[2020-07-07T20:57:13.018+0530][gc,heap       ] GC(7) Eden regions: 47->0(46)
[2020-07-07T20:57:13.018+0530][gc,heap       ] GC(7) Survivor regions: 4->5(7)
[2020-07-07T20:57:13.018+0530][gc,heap       ] GC(7) Old regions: 13->14
[2020-07-07T20:57:13.018+0530][gc,heap       ] GC(7) Humongous regions: 129->129
[2020-07-07T20:57:13.018+0530][gc,metaspace  ] GC(7) Metaspace: 37767K->37767K(1083392K)
[2020-07-07T20:57:13.018+0530][gc            ] GC(7) Pause Young (Normal) (G1 Evacuation Pause) 191M->145M(1024M) 26.756ms
[2020-07-07T20:57:13.018+0530][gc,cpu        ] GC(7) User=0.14s Sys=0.00s Real=0.03s
[2020-07-07T21:08:09.450+0530][gc,start      ] GC(8) Pause Young (Normal) (G1 Evacuation Pause)
[2020-07-07T21:08:09.450+0530][gc,task       ] GC(8) Using 8 workers of 8 for evacuation
[2020-07-07T21:08:09.460+0530][gc,phases     ] GC(8)   Pre Evacuate Collection Set: 0.1ms
[2020-07-07T21:08:09.460+0530][gc,phases     ] GC(8)   Evacuate Collection Set: 8.3ms
[2020-07-07T21:08:09.460+0530][gc,phases     ] GC(8)   Post Evacuate Collection Set: 1.4ms
[2020-07-07T21:08:09.460+0530][gc,phases     ] GC(8)   Other: 0.5ms
[2020-07-07T21:08:09.460+0530][gc,heap       ] GC(8) Eden regions: 46->0(49)
[2020-07-07T21:08:09.460+0530][gc,heap       ] GC(8) Survivor regions: 5->2(7)
[2020-07-07T21:08:09.460+0530][gc,heap       ] GC(8) Old regions: 14->16
[2020-07-07T21:08:09.460+0530][gc,heap       ] GC(8) Humongous regions: 129->129
[2020-07-07T21:08:09.460+0530][gc,metaspace  ] GC(8) Metaspace: 37898K->37898K(1083392K)
[2020-07-07T21:08:09.460+0530][gc            ] GC(8) Pause Young (Normal) (G1 Evacuation Pause) 191M->145M(1024M) 10.712ms
[2020-07-07T21:08:09.460+0530][gc,cpu        ] GC(8) User=0.07s Sys=0.00s Real=0.01s
[2020-07-07T21:20:14.651+0530][gc,start      ] GC(9) Pause Young (Normal) (G1 Evacuation Pause)
[2020-07-07T21:20:14.651+0530][gc,task       ] GC(9) Using 8 workers of 8 for evacuation
[2020-07-07T21:20:14.662+0530][gc,phases     ] GC(9)   Pre Evacuate Collection Set: 0.1ms
[2020-07-07T21:20:14.662+0530][gc,phases     ] GC(9)   Evacuate Collection Set: 6.4ms
[2020-07-07T21:20:14.662+0530][gc,phases     ] GC(9)   Post Evacuate Collection Set: 4.3ms
[2020-07-07T21:20:14.662+0530][gc,phases     ] GC(9)   Other: 0.6ms
[2020-07-07T21:20:14.662+0530][gc,heap       ] GC(9) Eden regions: 49->0(48)
[2020-07-07T21:20:14.662+0530][gc,heap       ] GC(9) Survivor regions: 2->3(7)
[2020-07-07T21:20:14.662+0530][gc,heap       ] GC(9) Old regions: 16->16
[2020-07-07T21:20:14.662+0530][gc,heap       ] GC(9) Humongous regions: 129->129
[2020-07-07T21:20:14.662+0530][gc,metaspace  ] GC(9) Metaspace: 37980K->37980K(1083392K)
[2020-07-07T21:20:14.662+0530][gc            ] GC(9) Pause Young (Normal) (G1 Evacuation Pause) 194M->145M(1024M) 11.608ms
[2020-07-07T21:20:14.662+0530][gc,cpu        ] GC(9) User=0.06s Sys=0.00s Real=0.01s
[2020-07-07T21:32:28.355+0530][gc,start      ] GC(10) Pause Young (Normal) (G1 Evacuation Pause)
[2020-07-07T21:32:28.355+0530][gc,task       ] GC(10) Using 8 workers of 8 for evacuation
[2020-07-07T21:32:28.361+0530][gc,phases     ] GC(10)   Pre Evacuate Collection Set: 0.1ms
[2020-07-07T21:32:28.361+0530][gc,phases     ] GC(10)   Evacuate Collection Set: 5.0ms
[2020-07-07T21:32:28.361+0530][gc,phases     ] GC(10)   Post Evacuate Collection Set: 0.4ms
[2020-07-07T21:32:28.361+0530][gc,phases     ] GC(10)   Other: 0.5ms
[2020-07-07T21:32:28.361+0530][gc,heap       ] GC(10) Eden regions: 48->0(48)
[2020-07-07T21:32:28.361+0530][gc,heap       ] GC(10) Survivor regions: 3->3(7)
[2020-07-07T21:32:28.361+0530][gc,heap       ] GC(10) Old regions: 16->16
[2020-07-07T21:32:28.361+0530][gc,heap       ] GC(10) Humongous regions: 129->129
[2020-07-07T21:32:28.361+0530][gc,metaspace  ] GC(10) Metaspace: 38274K->38274K(1083392K)
[2020-07-07T21:32:28.361+0530][gc            ] GC(10) Pause Young (Normal) (G1 Evacuation Pause) 193M->145M(1024M) 6.083ms
[2020-07-07T21:32:28.361+0530][gc,cpu        ] GC(10) User=0.04s Sys=0.00s Real=0.00s
[2020-07-07T21:43:53.887+0530][gc,start      ] GC(11) Pause Young (Normal) (G1 Evacuation Pause)
[2020-07-07T21:43:53.887+0530][gc,task       ] GC(11) Using 8 workers of 8 for evacuation
[2020-07-07T21:43:53.891+0530][gc,phases     ] GC(11)   Pre Evacuate Collection Set: 0.0ms
[2020-07-07T21:43:53.891+0530][gc,phases     ] GC(11)   Evacuate Collection Set: 2.9ms
[2020-07-07T21:43:53.891+0530][gc,phases     ] GC(11)   Post Evacuate Collection Set: 0.3ms
[2020-07-07T21:43:53.891+0530][gc,phases     ] GC(11)   Other: 0.2ms
[2020-07-07T21:43:53.891+0530][gc,heap       ] GC(11) Eden regions: 48->0(52)
[2020-07-07T21:43:53.891+0530][gc,heap       ] GC(11) Survivor regions: 3->4(7)
[2020-07-07T21:43:53.891+0530][gc,heap       ] GC(11) Old regions: 16->16
[2020-07-07T21:43:53.891+0530][gc,heap       ] GC(11) Humongous regions: 129->129
[2020-07-07T21:43:53.891+0530][gc,metaspace  ] GC(11) Metaspace: 38338K->38338K(1083392K)
[2020-07-07T21:43:53.891+0530][gc            ] GC(11) Pause Young (Normal) (G1 Evacuation Pause) 193M->146M(1024M) 3.532ms
[2020-07-07T21:43:53.891+0530][gc,cpu        ] GC(11) User=0.01s Sys=0.00s Real=0.00s
[2020-07-07T21:57:08.355+0530][gc,start      ] GC(12) Pause Young (Normal) (G1 Evacuation Pause)
[2020-07-07T21:57:08.355+0530][gc,task       ] GC(12) Using 8 workers of 8 for evacuation
[2020-07-07T21:57:08.363+0530][gc,phases     ] GC(12)   Pre Evacuate Collection Set: 0.1ms
[2020-07-07T21:57:08.363+0530][gc,phases     ] GC(12)   Evacuate Collection Set: 6.5ms
[2020-07-07T21:57:08.363+0530][gc,phases     ] GC(12)   Post Evacuate Collection Set: 0.5ms
[2020-07-07T21:57:08.363+0530][gc,phases     ] GC(12)   Other: 0.5ms
[2020-07-07T21:57:08.363+0530][gc,heap       ] GC(12) Eden regions: 52->0(55)
[2020-07-07T21:57:08.363+0530][gc,heap       ] GC(12) Survivor regions: 4->5(7)
[2020-07-07T21:57:08.363+0530][gc,heap       ] GC(12) Old regions: 16->16
[2020-07-07T21:57:08.363+0530][gc,heap       ] GC(12) Humongous regions: 129->129
[2020-07-07T21:57:08.363+0530][gc,metaspace  ] GC(12) Metaspace: 38360K->38360K(1083392K)
[2020-07-07T21:57:08.363+0530][gc            ] GC(12) Pause Young (Normal) (G1 Evacuation Pause) 198M->147M(1024M) 7.707ms
[2020-07-07T21:57:08.363+0530][gc,cpu        ] GC(12) User=0.04s Sys=0.00s Real=0.01s
[2020-07-07T22:10:54.092+0530][gc,start      ] GC(13) Pause Young (Normal) (G1 Evacuation Pause)
[2020-07-07T22:10:54.092+0530][gc,task       ] GC(13) Using 8 workers of 8 for evacuation
[2020-07-07T22:10:54.103+0530][gc,phases     ] GC(13)   Pre Evacuate Collection Set: 0.1ms
[2020-07-07T22:10:54.103+0530][gc,phases     ] GC(13)   Evacuate Collection Set: 9.3ms
[2020-07-07T22:10:54.103+0530][gc,phases     ] GC(13)   Post Evacuate Collection Set: 1.3ms
[2020-07-07T22:10:54.103+0530][gc,phases     ] GC(13)   Other: 0.6ms
[2020-07-07T22:10:54.103+0530][gc,heap       ] GC(13) Eden regions: 55->0(577)
[2020-07-07T22:10:54.103+0530][gc,heap       ] GC(13) Survivor regions: 5->4(8)
[2020-07-07T22:10:54.103+0530][gc,heap       ] GC(13) Old regions: 16->17
[2020-07-07T22:10:54.103+0530][gc,heap       ] GC(13) Humongous regions: 129->129
[2020-07-07T22:10:54.103+0530][gc,metaspace  ] GC(13) Metaspace: 38391K->38391K(1085440K)
[2020-07-07T22:10:54.103+0530][gc            ] GC(13) Pause Young (Normal) (G1 Evacuation Pause) 202M->147M(1024M) 11.527ms
[2020-07-07T22:10:54.103+0530][gc,cpu        ] GC(13) User=0.07s Sys=0.01s Real=0.02s
