[2020-07-10T20:52:36.294+0530][gc,heap] Heap region size: 1M
[2020-07-10T20:52:36.306+0530][gc     ] Using G1
[2020-07-10T20:52:36.306+0530][gc,heap,coops] Heap address: 0x00000000c0000000, size: 1024 MB, Compressed Oops mode: 32-bit
[2020-07-10T20:52:36.307+0530][gc,cds       ] Mark closed archive regions in map: [0x00000000fff00000, 0x00000000fff69ff8]
[2020-07-10T20:52:36.307+0530][gc,cds       ] Mark open archive regions in map: [0x00000000ffe00000, 0x00000000ffe46ff8]
[2020-07-10T20:52:38.930+0530][gc,start     ] GC(0) Pause Young (Normal) (G1 Evacuation Pause)
[2020-07-10T20:52:38.931+0530][gc,task      ] GC(0) Using 8 workers of 8 for evacuation
[2020-07-10T20:52:38.943+0530][gc,phases    ] GC(0)   Pre Evacuate Collection Set: 0.0ms
[2020-07-10T20:52:38.943+0530][gc,phases    ] GC(0)   Evacuate Collection Set: 11.5ms
[2020-07-10T20:52:38.943+0530][gc,phases    ] GC(0)   Post Evacuate Collection Set: 0.6ms
[2020-07-10T20:52:38.943+0530][gc,phases    ] GC(0)   Other: 1.5ms
[2020-07-10T20:52:38.943+0530][gc,heap      ] GC(0) Eden regions: 51->0(44)
[2020-07-10T20:52:38.943+0530][gc,heap      ] GC(0) Survivor regions: 0->7(7)
[2020-07-10T20:52:38.943+0530][gc,heap      ] GC(0) Old regions: 2->2
[2020-07-10T20:52:38.943+0530][gc,heap      ] GC(0) Humongous regions: 0->0
[2020-07-10T20:52:38.943+0530][gc,metaspace ] GC(0) Metaspace: 15469K->15469K(1062912K)
[2020-07-10T20:52:38.943+0530][gc           ] GC(0) Pause Young (Normal) (G1 Evacuation Pause) 51M->6M(1024M) 13.710ms
[2020-07-10T20:52:38.943+0530][gc,cpu       ] GC(0) User=0.09s Sys=0.00s Real=0.02s
[2020-07-10T20:52:39.509+0530][gc,start     ] GC(1) Pause Young (Concurrent Start) (Metadata GC Threshold)
[2020-07-10T20:52:39.509+0530][gc,task      ] GC(1) Using 8 workers of 8 for evacuation
[2020-07-10T20:52:39.520+0530][gc,phases    ] GC(1)   Pre Evacuate Collection Set: 0.0ms
[2020-07-10T20:52:39.520+0530][gc,phases    ] GC(1)   Evacuate Collection Set: 10.3ms
[2020-07-10T20:52:39.520+0530][gc,phases    ] GC(1)   Post Evacuate Collection Set: 0.7ms
[2020-07-10T20:52:39.520+0530][gc,phases    ] GC(1)   Other: 0.2ms
[2020-07-10T20:52:39.520+0530][gc,heap      ] GC(1) Eden regions: 22->0(49)
[2020-07-10T20:52:39.520+0530][gc,heap      ] GC(1) Survivor regions: 7->2(7)
[2020-07-10T20:52:39.520+0530][gc,heap      ] GC(1) Old regions: 2->9
[2020-07-10T20:52:39.520+0530][gc,heap      ] GC(1) Humongous regions: 129->129
[2020-07-10T20:52:39.520+0530][gc,metaspace ] GC(1) Metaspace: 20616K->20616K(1067008K)
[2020-07-10T20:52:39.520+0530][gc           ] GC(1) Pause Young (Concurrent Start) (Metadata GC Threshold) 157M->137M(1024M) 11.256ms
[2020-07-10T20:52:39.520+0530][gc,cpu       ] GC(1) User=0.06s Sys=0.01s Real=0.01s
[2020-07-10T20:52:39.520+0530][gc           ] GC(2) Concurrent Cycle
[2020-07-10T20:52:39.520+0530][gc,marking   ] GC(2) Concurrent Clear Claimed Marks
[2020-07-10T20:52:39.520+0530][gc,marking   ] GC(2) Concurrent Clear Claimed Marks 0.053ms
[2020-07-10T20:52:39.520+0530][gc,marking   ] GC(2) Concurrent Scan Root Regions
[2020-07-10T20:52:39.521+0530][gc,marking   ] GC(2) Concurrent Scan Root Regions 1.311ms
[2020-07-10T20:52:39.521+0530][gc,marking   ] GC(2) Concurrent Mark (3.231s)
[2020-07-10T20:52:39.521+0530][gc,marking   ] GC(2) Concurrent Mark From Roots
[2020-07-10T20:52:39.521+0530][gc,task      ] GC(2) Using 2 workers of 2 for marking
[2020-07-10T20:52:39.531+0530][gc,marking   ] GC(2) Concurrent Mark From Roots 9.936ms
[2020-07-10T20:52:39.531+0530][gc,marking   ] GC(2) Concurrent Preclean
[2020-07-10T20:52:39.532+0530][gc,marking   ] GC(2) Concurrent Preclean 0.182ms
[2020-07-10T20:52:39.532+0530][gc,marking   ] GC(2) Concurrent Mark (3.231s, 3.241s) 10.199ms
[2020-07-10T20:52:39.532+0530][gc,start     ] GC(2) Pause Remark
[2020-07-10T20:52:39.534+0530][gc,stringtable] GC(2) Cleaned string and symbol table, strings: 4994 processed, 0 removed, symbols: 51268 processed, 44 removed
[2020-07-10T20:52:39.535+0530][gc            ] GC(2) Pause Remark 138M->138M(1024M) 3.153ms
[2020-07-10T20:52:39.535+0530][gc,cpu        ] GC(2) User=0.01s Sys=0.01s Real=0.00s
[2020-07-10T20:52:39.535+0530][gc,marking    ] GC(2) Concurrent Rebuild Remembered Sets
[2020-07-10T20:52:39.539+0530][gc,marking    ] GC(2) Concurrent Rebuild Remembered Sets 3.831ms
[2020-07-10T20:52:39.539+0530][gc,start      ] GC(2) Pause Cleanup
[2020-07-10T20:52:39.539+0530][gc            ] GC(2) Pause Cleanup 138M->138M(1024M) 0.245ms
[2020-07-10T20:52:39.539+0530][gc,cpu        ] GC(2) User=0.01s Sys=0.00s Real=0.00s
[2020-07-10T20:52:39.539+0530][gc,marking    ] GC(2) Concurrent Cleanup for Next Mark
[2020-07-10T20:52:39.545+0530][gc,marking    ] GC(2) Concurrent Cleanup for Next Mark 5.514ms
[2020-07-10T20:52:39.545+0530][gc            ] GC(2) Concurrent Cycle 25.066ms
[2020-07-10T20:52:40.463+0530][gc,start      ] GC(3) Pause Young (Normal) (G1 Evacuation Pause)
[2020-07-10T20:52:40.463+0530][gc,task       ] GC(3) Using 8 workers of 8 for evacuation
[2020-07-10T20:52:40.471+0530][gc,phases     ] GC(3)   Pre Evacuate Collection Set: 0.0ms
[2020-07-10T20:52:40.471+0530][gc,phases     ] GC(3)   Evacuate Collection Set: 7.5ms
[2020-07-10T20:52:40.471+0530][gc,phases     ] GC(3)   Post Evacuate Collection Set: 0.6ms
[2020-07-10T20:52:40.471+0530][gc,phases     ] GC(3)   Other: 0.2ms
[2020-07-10T20:52:40.471+0530][gc,heap       ] GC(3) Eden regions: 49->0(45)
[2020-07-10T20:52:40.471+0530][gc,heap       ] GC(3) Survivor regions: 2->6(7)
[2020-07-10T20:52:40.471+0530][gc,heap       ] GC(3) Old regions: 9->9
[2020-07-10T20:52:40.471+0530][gc,heap       ] GC(3) Humongous regions: 129->129
[2020-07-10T20:52:40.471+0530][gc,metaspace  ] GC(3) Metaspace: 29938K->29938K(1077248K)
[2020-07-10T20:52:40.471+0530][gc            ] GC(3) Pause Young (Normal) (G1 Evacuation Pause) 186M->141M(1024M) 8.435ms
[2020-07-10T20:52:40.471+0530][gc,cpu        ] GC(3) User=0.07s Sys=0.00s Real=0.01s
[2020-07-10T21:15:06.628+0530][gc,start      ] GC(4) Pause Young (Concurrent Start) (Metadata GC Threshold)
[2020-07-10T21:15:06.628+0530][gc,task       ] GC(4) Using 8 workers of 8 for evacuation
[2020-07-10T21:15:06.640+0530][gc,phases     ] GC(4)   Pre Evacuate Collection Set: 0.1ms
[2020-07-10T21:15:06.640+0530][gc,phases     ] GC(4)   Evacuate Collection Set: 10.4ms
[2020-07-10T21:15:06.640+0530][gc,phases     ] GC(4)   Post Evacuate Collection Set: 0.8ms
[2020-07-10T21:15:06.640+0530][gc,phases     ] GC(4)   Other: 0.4ms
[2020-07-10T21:15:06.640+0530][gc,heap       ] GC(4) Eden regions: 31->0(49)
[2020-07-10T21:15:06.640+0530][gc,heap       ] GC(4) Survivor regions: 6->2(7)
[2020-07-10T21:15:06.640+0530][gc,heap       ] GC(4) Old regions: 9->14
[2020-07-10T21:15:06.640+0530][gc,heap       ] GC(4) Humongous regions: 129->129
[2020-07-10T21:15:06.640+0530][gc,metaspace  ] GC(4) Metaspace: 34314K->34314K(1081344K)
[2020-07-10T21:15:06.640+0530][gc            ] GC(4) Pause Young (Concurrent Start) (Metadata GC Threshold) 171M->142M(1024M) 12.001ms
[2020-07-10T21:15:06.640+0530][gc,cpu        ] GC(4) User=0.05s Sys=0.01s Real=0.01s
[2020-07-10T21:15:06.640+0530][gc            ] GC(5) Concurrent Cycle
[2020-07-10T21:15:06.640+0530][gc,marking    ] GC(5) Concurrent Clear Claimed Marks
[2020-07-10T21:15:06.641+0530][gc,marking    ] GC(5) Concurrent Clear Claimed Marks 0.151ms
[2020-07-10T21:15:06.641+0530][gc,marking    ] GC(5) Concurrent Scan Root Regions
[2020-07-10T21:15:06.642+0530][gc,marking    ] GC(5) Concurrent Scan Root Regions 1.811ms
[2020-07-10T21:15:06.642+0530][gc,marking    ] GC(5) Concurrent Mark (1350.352s)
[2020-07-10T21:15:06.642+0530][gc,marking    ] GC(5) Concurrent Mark From Roots
[2020-07-10T21:15:06.642+0530][gc,task       ] GC(5) Using 2 workers of 2 for marking
[2020-07-10T21:15:06.666+0530][gc,marking    ] GC(5) Concurrent Mark From Roots 23.484ms
[2020-07-10T21:15:06.666+0530][gc,marking    ] GC(5) Concurrent Preclean
[2020-07-10T21:15:06.666+0530][gc,marking    ] GC(5) Concurrent Preclean 0.359ms
[2020-07-10T21:15:06.666+0530][gc,marking    ] GC(5) Concurrent Mark (1350.352s, 1350.376s) 23.947ms
[2020-07-10T21:15:06.667+0530][gc,start      ] GC(5) Pause Remark
[2020-07-10T21:15:06.678+0530][gc,stringtable] GC(5) Cleaned string and symbol table, strings: 10376 processed, 276 removed, symbols: 79415 processed, 20 removed
[2020-07-10T21:15:06.678+0530][gc            ] GC(5) Pause Remark 143M->143M(1024M) 11.863ms
[2020-07-10T21:15:06.678+0530][gc,cpu        ] GC(5) User=0.06s Sys=0.00s Real=0.01s
[2020-07-10T21:15:06.679+0530][gc,marking    ] GC(5) Concurrent Rebuild Remembered Sets
[2020-07-10T21:15:06.689+0530][gc,marking    ] GC(5) Concurrent Rebuild Remembered Sets 10.645ms
[2020-07-10T21:15:06.689+0530][gc,start      ] GC(5) Pause Cleanup
[2020-07-10T21:15:06.690+0530][gc            ] GC(5) Pause Cleanup 143M->143M(1024M) 0.322ms
[2020-07-10T21:15:06.690+0530][gc,cpu        ] GC(5) User=0.00s Sys=0.00s Real=0.00s
[2020-07-10T21:15:06.690+0530][gc,marking    ] GC(5) Concurrent Cleanup for Next Mark
[2020-07-10T21:15:06.698+0530][gc,marking    ] GC(5) Concurrent Cleanup for Next Mark 8.427ms
[2020-07-10T21:15:06.698+0530][gc            ] GC(5) Concurrent Cycle 58.029ms
[2020-07-10T21:21:49.675+0530][gc,heap,exit  ] Heap
[2020-07-10T21:21:49.675+0530][gc,heap,exit  ]  garbage-first heap   total 1048576K, used 160082K [0x00000000c0000000, 0x0000000100000000)
[2020-07-10T21:21:49.675+0530][gc,heap,exit  ]   region size 1024K, 18 young (18432K), 2 survivors (2048K)
[2020-07-10T21:21:49.675+0530][gc,heap,exit  ]  Metaspace       used 35351K, capacity 37034K, committed 37120K, reserved 1081344K
[2020-07-10T21:21:49.675+0530][gc,heap,exit  ]   class space    used 4405K, capacity 5198K, committed 5248K, reserved 1048576K
