[2020-07-10T18:22:07.807+0530][gc,heap] Heap region size: 1M
[2020-07-10T18:22:07.822+0530][gc     ] Using G1
[2020-07-10T18:22:07.822+0530][gc,heap,coops] Heap address: 0x00000000c0000000, size: 1024 MB, Compressed Oops mode: 32-bit
[2020-07-10T18:22:07.823+0530][gc,cds       ] Mark closed archive regions in map: [0x00000000fff00000, 0x00000000fff69ff8]
[2020-07-10T18:22:07.823+0530][gc,cds       ] Mark open archive regions in map: [0x00000000ffe00000, 0x00000000ffe46ff8]
[2020-07-10T18:22:09.489+0530][gc,start     ] GC(0) Pause Young (Normal) (G1 Evacuation Pause)
[2020-07-10T18:22:09.494+0530][gc,task      ] GC(0) Using 8 workers of 8 for evacuation
[2020-07-10T18:22:09.509+0530][gc,phases    ] GC(0)   Pre Evacuate Collection Set: 0.0ms
[2020-07-10T18:22:09.509+0530][gc,phases    ] GC(0)   Evacuate Collection Set: 14.7ms
[2020-07-10T18:22:09.509+0530][gc,phases    ] GC(0)   Post Evacuate Collection Set: 0.7ms
[2020-07-10T18:22:09.509+0530][gc,phases    ] GC(0)   Other: 4.3ms
[2020-07-10T18:22:09.509+0530][gc,heap      ] GC(0) Eden regions: 51->0(44)
[2020-07-10T18:22:09.509+0530][gc,heap      ] GC(0) Survivor regions: 0->7(7)
[2020-07-10T18:22:09.509+0530][gc,heap      ] GC(0) Old regions: 2->2
[2020-07-10T18:22:09.509+0530][gc,heap      ] GC(0) Humongous regions: 0->0
[2020-07-10T18:22:09.509+0530][gc,metaspace ] GC(0) Metaspace: 15441K->15441K(1062912K)
[2020-07-10T18:22:09.509+0530][gc           ] GC(0) Pause Young (Normal) (G1 Evacuation Pause) 51M->6M(1024M) 19.867ms
[2020-07-10T18:22:09.509+0530][gc,cpu       ] GC(0) User=0.09s Sys=0.00s Real=0.02s
[2020-07-10T18:22:09.993+0530][gc,start     ] GC(1) Pause Young (Concurrent Start) (Metadata GC Threshold)
[2020-07-10T18:22:09.993+0530][gc,task      ] GC(1) Using 8 workers of 8 for evacuation
[2020-07-10T18:22:10.007+0530][gc,phases    ] GC(1)   Pre Evacuate Collection Set: 0.1ms
[2020-07-10T18:22:10.007+0530][gc,phases    ] GC(1)   Evacuate Collection Set: 13.1ms
[2020-07-10T18:22:10.007+0530][gc,phases    ] GC(1)   Post Evacuate Collection Set: 0.5ms
[2020-07-10T18:22:10.007+0530][gc,phases    ] GC(1)   Other: 0.3ms
[2020-07-10T18:22:10.007+0530][gc,heap      ] GC(1) Eden regions: 21->0(49)
[2020-07-10T18:22:10.007+0530][gc,heap      ] GC(1) Survivor regions: 7->2(7)
[2020-07-10T18:22:10.007+0530][gc,heap      ] GC(1) Old regions: 2->9
[2020-07-10T18:22:10.007+0530][gc,heap      ] GC(1) Humongous regions: 0->0
[2020-07-10T18:22:10.007+0530][gc,metaspace ] GC(1) Metaspace: 20604K->20604K(1067008K)
[2020-07-10T18:22:10.007+0530][gc           ] GC(1) Pause Young (Concurrent Start) (Metadata GC Threshold) 27M->7M(1024M) 14.095ms
[2020-07-10T18:22:10.007+0530][gc,cpu       ] GC(1) User=0.06s Sys=0.00s Real=0.02s
[2020-07-10T18:22:10.007+0530][gc           ] GC(2) Concurrent Cycle
[2020-07-10T18:22:10.007+0530][gc,marking   ] GC(2) Concurrent Clear Claimed Marks
[2020-07-10T18:22:10.007+0530][gc,marking   ] GC(2) Concurrent Clear Claimed Marks 0.030ms
[2020-07-10T18:22:10.007+0530][gc,marking   ] GC(2) Concurrent Scan Root Regions
[2020-07-10T18:22:10.009+0530][gc,marking   ] GC(2) Concurrent Scan Root Regions 1.765ms
[2020-07-10T18:22:10.009+0530][gc,marking   ] GC(2) Concurrent Mark (2.207s)
[2020-07-10T18:22:10.009+0530][gc,marking   ] GC(2) Concurrent Mark From Roots
[2020-07-10T18:22:10.009+0530][gc,task      ] GC(2) Using 2 workers of 2 for marking
[2020-07-10T18:22:10.020+0530][gc,marking   ] GC(2) Concurrent Mark From Roots 10.901ms
[2020-07-10T18:22:10.020+0530][gc,marking   ] GC(2) Concurrent Preclean
[2020-07-10T18:22:10.020+0530][gc,marking   ] GC(2) Concurrent Preclean 0.270ms
[2020-07-10T18:22:10.020+0530][gc,marking   ] GC(2) Concurrent Mark (2.207s, 2.218s) 11.263ms
[2020-07-10T18:22:10.020+0530][gc,start     ] GC(2) Pause Remark
[2020-07-10T18:22:10.023+0530][gc,stringtable] GC(2) Cleaned string and symbol table, strings: 4914 processed, 0 removed, symbols: 51433 processed, 48 removed
[2020-07-10T18:22:10.024+0530][gc            ] GC(2) Pause Remark 8M->8M(1024M) 3.460ms
[2020-07-10T18:22:10.024+0530][gc,cpu        ] GC(2) User=0.01s Sys=0.00s Real=0.00s
[2020-07-10T18:22:10.024+0530][gc,marking    ] GC(2) Concurrent Rebuild Remembered Sets
[2020-07-10T18:22:10.028+0530][gc,marking    ] GC(2) Concurrent Rebuild Remembered Sets 4.873ms
[2020-07-10T18:22:10.029+0530][gc,start      ] GC(2) Pause Cleanup
[2020-07-10T18:22:10.029+0530][gc            ] GC(2) Pause Cleanup 8M->8M(1024M) 0.342ms
[2020-07-10T18:22:10.029+0530][gc,cpu        ] GC(2) User=0.00s Sys=0.00s Real=0.00s
[2020-07-10T18:22:10.029+0530][gc,marking    ] GC(2) Concurrent Cleanup for Next Mark
[2020-07-10T18:22:10.038+0530][gc,marking    ] GC(2) Concurrent Cleanup for Next Mark 8.635ms
[2020-07-10T18:22:10.038+0530][gc            ] GC(2) Concurrent Cycle 31.040ms
[2020-07-10T18:22:11.490+0530][gc,start      ] GC(3) Pause Young (Normal) (G1 Evacuation Pause)
[2020-07-10T18:22:11.490+0530][gc,task       ] GC(3) Using 8 workers of 8 for evacuation
[2020-07-10T18:22:11.499+0530][gc,phases     ] GC(3)   Pre Evacuate Collection Set: 0.0ms
[2020-07-10T18:22:11.499+0530][gc,phases     ] GC(3)   Evacuate Collection Set: 8.3ms
[2020-07-10T18:22:11.499+0530][gc,phases     ] GC(3)   Post Evacuate Collection Set: 0.6ms
[2020-07-10T18:22:11.499+0530][gc,phases     ] GC(3)   Other: 0.3ms
[2020-07-10T18:22:11.499+0530][gc,heap       ] GC(3) Eden regions: 49->0(46)
[2020-07-10T18:22:11.499+0530][gc,heap       ] GC(3) Survivor regions: 2->5(7)
[2020-07-10T18:22:11.499+0530][gc,heap       ] GC(3) Old regions: 9->9
[2020-07-10T18:22:11.499+0530][gc,heap       ] GC(3) Humongous regions: 129->129
[2020-07-10T18:22:11.499+0530][gc,metaspace  ] GC(3) Metaspace: 29609K->29609K(1077248K)
[2020-07-10T18:22:11.499+0530][gc            ] GC(3) Pause Young (Normal) (G1 Evacuation Pause) 185M->140M(1024M) 9.385ms
[2020-07-10T18:22:11.499+0530][gc,cpu        ] GC(3) User=0.05s Sys=0.00s Real=0.01s
[2020-07-10T18:25:21.085+0530][gc,start      ] GC(4) Pause Young (Concurrent Start) (Metadata GC Threshold)
[2020-07-10T18:25:21.085+0530][gc,task       ] GC(4) Using 8 workers of 8 for evacuation
[2020-07-10T18:25:21.098+0530][gc,phases     ] GC(4)   Pre Evacuate Collection Set: 0.1ms
[2020-07-10T18:25:21.098+0530][gc,phases     ] GC(4)   Evacuate Collection Set: 12.1ms
[2020-07-10T18:25:21.098+0530][gc,phases     ] GC(4)   Post Evacuate Collection Set: 0.9ms
[2020-07-10T18:25:21.098+0530][gc,phases     ] GC(4)   Other: 0.3ms
[2020-07-10T18:25:21.098+0530][gc,heap       ] GC(4) Eden regions: 25->0(49)
[2020-07-10T18:25:21.098+0530][gc,heap       ] GC(4) Survivor regions: 5->2(7)
[2020-07-10T18:25:21.098+0530][gc,heap       ] GC(4) Old regions: 9->13
[2020-07-10T18:25:21.098+0530][gc,heap       ] GC(4) Humongous regions: 129->129
[2020-07-10T18:25:21.098+0530][gc,metaspace  ] GC(4) Metaspace: 34379K->34379K(1081344K)
[2020-07-10T18:25:21.098+0530][gc            ] GC(4) Pause Young (Concurrent Start) (Metadata GC Threshold) 165M->141M(1024M) 13.704ms
[2020-07-10T18:25:21.098+0530][gc,cpu        ] GC(4) User=0.04s Sys=0.01s Real=0.02s
[2020-07-10T18:25:21.098+0530][gc            ] GC(5) Concurrent Cycle
[2020-07-10T18:25:21.098+0530][gc,marking    ] GC(5) Concurrent Clear Claimed Marks
[2020-07-10T18:25:21.099+0530][gc,marking    ] GC(5) Concurrent Clear Claimed Marks 0.141ms
[2020-07-10T18:25:21.099+0530][gc,marking    ] GC(5) Concurrent Scan Root Regions
[2020-07-10T18:25:21.101+0530][gc,marking    ] GC(5) Concurrent Scan Root Regions 1.981ms
[2020-07-10T18:25:21.101+0530][gc,marking    ] GC(5) Concurrent Mark (193.299s)
[2020-07-10T18:25:21.101+0530][gc,marking    ] GC(5) Concurrent Mark From Roots
[2020-07-10T18:25:21.101+0530][gc,task       ] GC(5) Using 2 workers of 2 for marking
[2020-07-10T18:25:21.121+0530][gc,marking    ] GC(5) Concurrent Mark From Roots 20.811ms
[2020-07-10T18:25:21.122+0530][gc,marking    ] GC(5) Concurrent Preclean
[2020-07-10T18:25:21.122+0530][gc,marking    ] GC(5) Concurrent Preclean 0.295ms
[2020-07-10T18:25:21.122+0530][gc,marking    ] GC(5) Concurrent Mark (193.299s, 193.320s) 21.232ms
[2020-07-10T18:25:21.122+0530][gc,start      ] GC(5) Pause Remark
[2020-07-10T18:25:21.134+0530][gc,stringtable] GC(5) Cleaned string and symbol table, strings: 10362 processed, 10 removed, symbols: 79578 processed, 13 removed
[2020-07-10T18:25:21.135+0530][gc            ] GC(5) Pause Remark 142M->142M(1024M) 12.341ms
[2020-07-10T18:25:21.135+0530][gc,cpu        ] GC(5) User=0.06s Sys=0.00s Real=0.02s
[2020-07-10T18:25:21.135+0530][gc,marking    ] GC(5) Concurrent Rebuild Remembered Sets
[2020-07-10T18:25:21.146+0530][gc,marking    ] GC(5) Concurrent Rebuild Remembered Sets 11.228ms
[2020-07-10T18:25:21.146+0530][gc,start      ] GC(5) Pause Cleanup
[2020-07-10T18:25:21.147+0530][gc            ] GC(5) Pause Cleanup 143M->143M(1024M) 0.344ms
[2020-07-10T18:25:21.147+0530][gc,cpu        ] GC(5) User=0.00s Sys=0.00s Real=0.00s
[2020-07-10T18:25:21.147+0530][gc,marking    ] GC(5) Concurrent Cleanup for Next Mark
[2020-07-10T18:25:21.154+0530][gc,marking    ] GC(5) Concurrent Cleanup for Next Mark 7.590ms
[2020-07-10T18:25:21.154+0530][gc            ] GC(5) Concurrent Cycle 55.879ms
