[2020-07-10T16:24:29.836+0530][gc,heap] Heap region size: 1M
[2020-07-10T16:24:29.854+0530][gc     ] Using G1
[2020-07-10T16:24:29.854+0530][gc,heap,coops] Heap address: 0x00000000c0000000, size: 1024 MB, Compressed Oops mode: 32-bit
[2020-07-10T16:24:29.854+0530][gc,cds       ] Mark closed archive regions in map: [0x00000000fff00000, 0x00000000fff69ff8]
[2020-07-10T16:24:29.854+0530][gc,cds       ] Mark open archive regions in map: [0x00000000ffe00000, 0x00000000ffe46ff8]
[2020-07-10T16:24:31.860+0530][gc,start     ] GC(0) Pause Young (Normal) (G1 Evacuation Pause)
[2020-07-10T16:24:31.861+0530][gc,task      ] GC(0) Using 8 workers of 8 for evacuation
[2020-07-10T16:24:31.877+0530][gc,phases    ] GC(0)   Pre Evacuate Collection Set: 0.0ms
[2020-07-10T16:24:31.877+0530][gc,phases    ] GC(0)   Evacuate Collection Set: 14.9ms
[2020-07-10T16:24:31.877+0530][gc,phases    ] GC(0)   Post Evacuate Collection Set: 0.6ms
[2020-07-10T16:24:31.877+0530][gc,phases    ] GC(0)   Other: 1.3ms
[2020-07-10T16:24:31.877+0530][gc,heap      ] GC(0) Eden regions: 51->0(44)
[2020-07-10T16:24:31.877+0530][gc,heap      ] GC(0) Survivor regions: 0->7(7)
[2020-07-10T16:24:31.877+0530][gc,heap      ] GC(0) Old regions: 2->2
[2020-07-10T16:24:31.877+0530][gc,heap      ] GC(0) Humongous regions: 0->0
[2020-07-10T16:24:31.877+0530][gc,metaspace ] GC(0) Metaspace: 15470K->15470K(1062912K)
[2020-07-10T16:24:31.877+0530][gc           ] GC(0) Pause Young (Normal) (G1 Evacuation Pause) 51M->6M(1024M) 16.978ms
[2020-07-10T16:24:31.877+0530][gc,cpu       ] GC(0) User=0.08s Sys=0.01s Real=0.02s
[2020-07-10T16:24:32.449+0530][gc,start     ] GC(1) Pause Young (Concurrent Start) (Metadata GC Threshold)
[2020-07-10T16:24:32.449+0530][gc,task      ] GC(1) Using 8 workers of 8 for evacuation
[2020-07-10T16:24:32.466+0530][gc,phases    ] GC(1)   Pre Evacuate Collection Set: 0.1ms
[2020-07-10T16:24:32.466+0530][gc,phases    ] GC(1)   Evacuate Collection Set: 16.0ms
[2020-07-10T16:24:32.466+0530][gc,phases    ] GC(1)   Post Evacuate Collection Set: 0.5ms
[2020-07-10T16:24:32.466+0530][gc,phases    ] GC(1)   Other: 0.4ms
[2020-07-10T16:24:32.466+0530][gc,heap      ] GC(1) Eden regions: 22->0(49)
[2020-07-10T16:24:32.466+0530][gc,heap      ] GC(1) Survivor regions: 7->2(7)
[2020-07-10T16:24:32.466+0530][gc,heap      ] GC(1) Old regions: 2->9
[2020-07-10T16:24:32.466+0530][gc,heap      ] GC(1) Humongous regions: 129->129
[2020-07-10T16:24:32.466+0530][gc,metaspace ] GC(1) Metaspace: 20527K->20527K(1067008K)
[2020-07-10T16:24:32.466+0530][gc           ] GC(1) Pause Young (Concurrent Start) (Metadata GC Threshold) 157M->137M(1024M) 17.030ms
[2020-07-10T16:24:32.466+0530][gc,cpu       ] GC(1) User=0.07s Sys=0.00s Real=0.02s
[2020-07-10T16:24:32.467+0530][gc           ] GC(2) Concurrent Cycle
[2020-07-10T16:24:32.467+0530][gc,marking   ] GC(2) Concurrent Clear Claimed Marks
[2020-07-10T16:24:32.467+0530][gc,marking   ] GC(2) Concurrent Clear Claimed Marks 0.029ms
[2020-07-10T16:24:32.467+0530][gc,marking   ] GC(2) Concurrent Scan Root Regions
[2020-07-10T16:24:32.468+0530][gc,marking   ] GC(2) Concurrent Scan Root Regions 0.970ms
[2020-07-10T16:24:32.468+0530][gc,marking   ] GC(2) Concurrent Mark (2.637s)
[2020-07-10T16:24:32.468+0530][gc,marking   ] GC(2) Concurrent Mark From Roots
[2020-07-10T16:24:32.468+0530][gc,task      ] GC(2) Using 2 workers of 2 for marking
[2020-07-10T16:24:32.480+0530][gc,marking   ] GC(2) Concurrent Mark From Roots 12.289ms
[2020-07-10T16:24:32.480+0530][gc,marking   ] GC(2) Concurrent Preclean
[2020-07-10T16:24:32.480+0530][gc,marking   ] GC(2) Concurrent Preclean 0.213ms
[2020-07-10T16:24:32.480+0530][gc,marking   ] GC(2) Concurrent Mark (2.637s, 2.650s) 12.585ms
[2020-07-10T16:24:32.481+0530][gc,start     ] GC(2) Pause Remark
[2020-07-10T16:24:32.491+0530][gc,stringtable] GC(2) Cleaned string and symbol table, strings: 4988 processed, 0 removed, symbols: 50849 processed, 44 removed
[2020-07-10T16:24:32.491+0530][gc            ] GC(2) Pause Remark 138M->138M(1024M) 10.894ms
[2020-07-10T16:24:32.491+0530][gc,cpu        ] GC(2) User=0.06s Sys=0.01s Real=0.01s
[2020-07-10T16:24:32.492+0530][gc,marking    ] GC(2) Concurrent Rebuild Remembered Sets
[2020-07-10T16:24:32.497+0530][gc,marking    ] GC(2) Concurrent Rebuild Remembered Sets 5.773ms
[2020-07-10T16:24:32.497+0530][gc,start      ] GC(2) Pause Cleanup
[2020-07-10T16:24:32.498+0530][gc            ] GC(2) Pause Cleanup 138M->138M(1024M) 0.460ms
[2020-07-10T16:24:32.498+0530][gc,cpu        ] GC(2) User=0.00s Sys=0.00s Real=0.00s
[2020-07-10T16:24:32.498+0530][gc,marking    ] GC(2) Concurrent Cleanup for Next Mark
[2020-07-10T16:24:32.505+0530][gc,marking    ] GC(2) Concurrent Cleanup for Next Mark 6.939ms
[2020-07-10T16:24:32.505+0530][gc            ] GC(2) Concurrent Cycle 38.463ms
[2020-07-10T16:24:33.578+0530][gc,start      ] GC(3) Pause Young (Normal) (G1 Evacuation Pause)
[2020-07-10T16:24:33.578+0530][gc,task       ] GC(3) Using 8 workers of 8 for evacuation
[2020-07-10T16:24:33.589+0530][gc,phases     ] GC(3)   Pre Evacuate Collection Set: 0.0ms
[2020-07-10T16:24:33.589+0530][gc,phases     ] GC(3)   Evacuate Collection Set: 9.6ms
[2020-07-10T16:24:33.589+0530][gc,phases     ] GC(3)   Post Evacuate Collection Set: 0.9ms
[2020-07-10T16:24:33.589+0530][gc,phases     ] GC(3)   Other: 0.3ms
[2020-07-10T16:24:33.589+0530][gc,heap       ] GC(3) Eden regions: 49->0(46)
[2020-07-10T16:24:33.589+0530][gc,heap       ] GC(3) Survivor regions: 2->5(7)
[2020-07-10T16:24:33.589+0530][gc,heap       ] GC(3) Old regions: 9->9
[2020-07-10T16:24:33.589+0530][gc,heap       ] GC(3) Humongous regions: 129->129
[2020-07-10T16:24:33.589+0530][gc,metaspace  ] GC(3) Metaspace: 29852K->29852K(1077248K)
[2020-07-10T16:24:33.589+0530][gc            ] GC(3) Pause Young (Normal) (G1 Evacuation Pause) 186M->140M(1024M) 11.095ms
[2020-07-10T16:24:33.589+0530][gc,cpu        ] GC(3) User=0.05s Sys=0.00s Real=0.01s
[2020-07-10T16:28:23.429+0530][gc,start      ] GC(4) Pause Young (Concurrent Start) (Metadata GC Threshold)
[2020-07-10T16:28:23.429+0530][gc,task       ] GC(4) Using 8 workers of 8 for evacuation
[2020-07-10T16:28:23.441+0530][gc,phases     ] GC(4)   Pre Evacuate Collection Set: 0.1ms
[2020-07-10T16:28:23.441+0530][gc,phases     ] GC(4)   Evacuate Collection Set: 11.0ms
[2020-07-10T16:28:23.441+0530][gc,phases     ] GC(4)   Post Evacuate Collection Set: 0.7ms
[2020-07-10T16:28:23.441+0530][gc,phases     ] GC(4)   Other: 0.3ms
[2020-07-10T16:28:23.441+0530][gc,heap       ] GC(4) Eden regions: 22->0(49)
[2020-07-10T16:28:23.441+0530][gc,heap       ] GC(4) Survivor regions: 5->2(7)
[2020-07-10T16:28:23.441+0530][gc,heap       ] GC(4) Old regions: 9->13
[2020-07-10T16:28:23.441+0530][gc,heap       ] GC(4) Humongous regions: 129->129
[2020-07-10T16:28:23.441+0530][gc,metaspace  ] GC(4) Metaspace: 34252K->34252K(1081344K)
[2020-07-10T16:28:23.441+0530][gc            ] GC(4) Pause Young (Concurrent Start) (Metadata GC Threshold) 162M->141M(1024M) 12.368ms
[2020-07-10T16:28:23.441+0530][gc,cpu        ] GC(4) User=0.03s Sys=0.02s Real=0.01s
[2020-07-10T16:28:23.441+0530][gc            ] GC(5) Concurrent Cycle
[2020-07-10T16:28:23.441+0530][gc,marking    ] GC(5) Concurrent Clear Claimed Marks
[2020-07-10T16:28:23.441+0530][gc,marking    ] GC(5) Concurrent Clear Claimed Marks 0.122ms
[2020-07-10T16:28:23.441+0530][gc,marking    ] GC(5) Concurrent Scan Root Regions
[2020-07-10T16:28:23.443+0530][gc,marking    ] GC(5) Concurrent Scan Root Regions 1.400ms
[2020-07-10T16:28:23.443+0530][gc,marking    ] GC(5) Concurrent Mark (233.612s)
[2020-07-10T16:28:23.443+0530][gc,marking    ] GC(5) Concurrent Mark From Roots
[2020-07-10T16:28:23.443+0530][gc,task       ] GC(5) Using 2 workers of 2 for marking
[2020-07-10T16:28:23.461+0530][gc,marking    ] GC(5) Concurrent Mark From Roots 18.405ms
[2020-07-10T16:28:23.461+0530][gc,marking    ] GC(5) Concurrent Preclean
[2020-07-10T16:28:23.461+0530][gc,marking    ] GC(5) Concurrent Preclean 0.253ms
[2020-07-10T16:28:23.461+0530][gc,marking    ] GC(5) Concurrent Mark (233.612s, 233.631s) 18.763ms
[2020-07-10T16:28:23.462+0530][gc,start      ] GC(5) Pause Remark
[2020-07-10T16:28:23.466+0530][gc,stringtable] GC(5) Cleaned string and symbol table, strings: 10284 processed, 10 removed, symbols: 79289 processed, 20 removed
[2020-07-10T16:28:23.467+0530][gc            ] GC(5) Pause Remark 142M->142M(1024M) 5.106ms
[2020-07-10T16:28:23.467+0530][gc,cpu        ] GC(5) User=0.02s Sys=0.00s Real=0.01s
[2020-07-10T16:28:23.467+0530][gc,marking    ] GC(5) Concurrent Rebuild Remembered Sets
[2020-07-10T16:28:23.479+0530][gc,marking    ] GC(5) Concurrent Rebuild Remembered Sets 11.945ms
[2020-07-10T16:28:23.479+0530][gc,start      ] GC(5) Pause Cleanup
[2020-07-10T16:28:23.480+0530][gc            ] GC(5) Pause Cleanup 142M->142M(1024M) 0.391ms
[2020-07-10T16:28:23.480+0530][gc,cpu        ] GC(5) User=0.00s Sys=0.00s Real=0.00s
[2020-07-10T16:28:23.480+0530][gc,marking    ] GC(5) Concurrent Cleanup for Next Mark
[2020-07-10T16:28:23.487+0530][gc,marking    ] GC(5) Concurrent Cleanup for Next Mark 7.171ms
[2020-07-10T16:28:23.487+0530][gc            ] GC(5) Concurrent Cycle 46.019ms
[2020-07-10T17:12:47.544+0530][gc,start      ] GC(6) Pause Young (Normal) (G1 Evacuation Pause)
[2020-07-10T17:12:47.571+0530][gc,task       ] GC(6) Using 8 workers of 8 for evacuation
[2020-07-10T17:12:47.575+0530][gc,phases     ] GC(6)   Pre Evacuate Collection Set: 0.0ms
[2020-07-10T17:12:47.575+0530][gc,phases     ] GC(6)   Evacuate Collection Set: 2.9ms
[2020-07-10T17:12:47.575+0530][gc,phases     ] GC(6)   Post Evacuate Collection Set: 0.5ms
[2020-07-10T17:12:47.575+0530][gc,phases     ] GC(6)   Other: 27.4ms
[2020-07-10T17:12:47.575+0530][gc,heap       ] GC(6) Eden regions: 49->0(49)
[2020-07-10T17:12:47.575+0530][gc,heap       ] GC(6) Survivor regions: 2->2(7)
[2020-07-10T17:12:47.575+0530][gc,heap       ] GC(6) Old regions: 13->13
[2020-07-10T17:12:47.575+0530][gc,heap       ] GC(6) Humongous regions: 129->129
[2020-07-10T17:12:47.575+0530][gc,metaspace  ] GC(6) Metaspace: 36013K->36013K(1081344K)
[2020-07-10T17:12:47.575+0530][gc            ] GC(6) Pause Young (Normal) (G1 Evacuation Pause) 190M->142M(1024M) 30.906ms
[2020-07-10T17:12:47.575+0530][gc,cpu        ] GC(6) User=0.01s Sys=0.00s Real=0.04s
[2020-07-10T17:58:08.653+0530][gc,start      ] GC(7) Pause Young (Normal) (G1 Evacuation Pause)
[2020-07-10T17:58:08.671+0530][gc,task       ] GC(7) Using 8 workers of 8 for evacuation
[2020-07-10T17:58:08.680+0530][gc,phases     ] GC(7)   Pre Evacuate Collection Set: 0.0ms
[2020-07-10T17:58:08.680+0530][gc,phases     ] GC(7)   Evacuate Collection Set: 5.9ms
[2020-07-10T17:58:08.680+0530][gc,phases     ] GC(7)   Post Evacuate Collection Set: 3.1ms
[2020-07-10T17:58:08.680+0530][gc,phases     ] GC(7)   Other: 18.1ms
[2020-07-10T17:58:08.680+0530][gc,heap       ] GC(7) Eden regions: 49->0(49)
[2020-07-10T17:58:08.680+0530][gc,heap       ] GC(7) Survivor regions: 2->2(7)
[2020-07-10T17:58:08.680+0530][gc,heap       ] GC(7) Old regions: 13->13
[2020-07-10T17:58:08.680+0530][gc,heap       ] GC(7) Humongous regions: 129->129
[2020-07-10T17:58:08.680+0530][gc,metaspace  ] GC(7) Metaspace: 37068K->37068K(1083392K)
[2020-07-10T17:58:08.680+0530][gc            ] GC(7) Pause Young (Normal) (G1 Evacuation Pause) 191M->142M(1024M) 27.225ms
[2020-07-10T17:58:08.680+0530][gc,cpu        ] GC(7) User=0.04s Sys=0.00s Real=0.03s
[2020-07-10T18:21:03.834+0530][gc,heap,exit  ] Heap
[2020-07-10T18:21:03.834+0530][gc,heap,exit  ]  garbage-first heap   total 1048576K, used 183947K [0x00000000c0000000, 0x0000000100000000)
[2020-07-10T18:21:03.834+0530][gc,heap,exit  ]   region size 1024K, 41 young (41984K), 2 survivors (2048K)
[2020-07-10T18:21:03.834+0530][gc,heap,exit  ]  Metaspace       used 38236K, capacity 40323K, committed 40448K, reserved 1083392K
[2020-07-10T18:21:03.834+0530][gc,heap,exit  ]   class space    used 4798K, capacity 5792K, committed 5888K, reserved 1048576K
