[2020-07-10T15:24:46.955+0530][gc,heap] Heap region size: 1M
[2020-07-10T15:24:46.965+0530][gc     ] Using G1
[2020-07-10T15:24:46.966+0530][gc,heap,coops] Heap address: 0x00000000c0000000, size: 1024 MB, Compressed Oops mode: 32-bit
[2020-07-10T15:24:46.966+0530][gc,cds       ] Mark closed archive regions in map: [0x00000000fff00000, 0x00000000fff69ff8]
[2020-07-10T15:24:46.966+0530][gc,cds       ] Mark open archive regions in map: [0x00000000ffe00000, 0x00000000ffe46ff8]
[2020-07-10T15:24:48.303+0530][gc,start     ] GC(0) Pause Young (Normal) (G1 Evacuation Pause)
[2020-07-10T15:24:48.304+0530][gc,task      ] GC(0) Using 8 workers of 8 for evacuation
[2020-07-10T15:24:48.334+0530][gc,mmu       ] GC(0) MMU target violated: 21.0ms (20.0ms/21.0ms)
[2020-07-10T15:24:48.334+0530][gc,phases    ] GC(0)   Pre Evacuate Collection Set: 0.0ms
[2020-07-10T15:24:48.334+0530][gc,phases    ] GC(0)   Evacuate Collection Set: 29.3ms
[2020-07-10T15:24:48.334+0530][gc,phases    ] GC(0)   Post Evacuate Collection Set: 0.6ms
[2020-07-10T15:24:48.334+0530][gc,phases    ] GC(0)   Other: 1.2ms
[2020-07-10T15:24:48.334+0530][gc,heap      ] GC(0) Eden regions: 51->0(44)
[2020-07-10T15:24:48.334+0530][gc,heap      ] GC(0) Survivor regions: 0->7(7)
[2020-07-10T15:24:48.334+0530][gc,heap      ] GC(0) Old regions: 2->2
[2020-07-10T15:24:48.334+0530][gc,heap      ] GC(0) Humongous regions: 0->0
[2020-07-10T15:24:48.334+0530][gc,metaspace ] GC(0) Metaspace: 15812K->15812K(1062912K)
[2020-07-10T15:24:48.334+0530][gc           ] GC(0) Pause Young (Normal) (G1 Evacuation Pause) 51M->7M(1024M) 31.184ms
[2020-07-10T15:24:48.334+0530][gc,cpu       ] GC(0) User=0.16s Sys=0.00s Real=0.04s
[2020-07-10T15:24:48.758+0530][gc,start     ] GC(1) Pause Young (Concurrent Start) (Metadata GC Threshold)
[2020-07-10T15:24:48.758+0530][gc,task      ] GC(1) Using 8 workers of 8 for evacuation
[2020-07-10T15:24:48.766+0530][gc,phases    ] GC(1)   Pre Evacuate Collection Set: 0.1ms
[2020-07-10T15:24:48.766+0530][gc,phases    ] GC(1)   Evacuate Collection Set: 7.7ms
[2020-07-10T15:24:48.766+0530][gc,phases    ] GC(1)   Post Evacuate Collection Set: 0.4ms
[2020-07-10T15:24:48.766+0530][gc,phases    ] GC(1)   Other: 0.2ms
[2020-07-10T15:24:48.766+0530][gc,heap      ] GC(1) Eden regions: 20->0(49)
[2020-07-10T15:24:48.766+0530][gc,heap      ] GC(1) Survivor regions: 7->2(7)
[2020-07-10T15:24:48.766+0530][gc,heap      ] GC(1) Old regions: 2->9
[2020-07-10T15:24:48.766+0530][gc,heap      ] GC(1) Humongous regions: 129->129
[2020-07-10T15:24:48.766+0530][gc,metaspace ] GC(1) Metaspace: 20505K->20505K(1067008K)
[2020-07-10T15:24:48.766+0530][gc           ] GC(1) Pause Young (Concurrent Start) (Metadata GC Threshold) 155M->137M(1024M) 8.448ms
[2020-07-10T15:24:48.766+0530][gc,cpu       ] GC(1) User=0.03s Sys=0.00s Real=0.01s
[2020-07-10T15:24:48.766+0530][gc           ] GC(2) Concurrent Cycle
[2020-07-10T15:24:48.766+0530][gc,marking   ] GC(2) Concurrent Clear Claimed Marks
[2020-07-10T15:24:48.766+0530][gc,marking   ] GC(2) Concurrent Clear Claimed Marks 0.024ms
[2020-07-10T15:24:48.766+0530][gc,marking   ] GC(2) Concurrent Scan Root Regions
[2020-07-10T15:24:48.767+0530][gc,marking   ] GC(2) Concurrent Scan Root Regions 0.677ms
[2020-07-10T15:24:48.767+0530][gc,marking   ] GC(2) Concurrent Mark (1.815s)
[2020-07-10T15:24:48.767+0530][gc,marking   ] GC(2) Concurrent Mark From Roots
[2020-07-10T15:24:48.767+0530][gc,task      ] GC(2) Using 2 workers of 2 for marking
[2020-07-10T15:24:48.775+0530][gc,marking   ] GC(2) Concurrent Mark From Roots 7.840ms
[2020-07-10T15:24:48.775+0530][gc,marking   ] GC(2) Concurrent Preclean
[2020-07-10T15:24:48.775+0530][gc,marking   ] GC(2) Concurrent Preclean 0.146ms
[2020-07-10T15:24:48.775+0530][gc,marking   ] GC(2) Concurrent Mark (1.815s, 1.823s) 8.045ms
[2020-07-10T15:24:48.775+0530][gc,start     ] GC(2) Pause Remark
[2020-07-10T15:24:48.777+0530][gc,stringtable] GC(2) Cleaned string and symbol table, strings: 4933 processed, 0 removed, symbols: 50659 processed, 41 removed
[2020-07-10T15:24:48.777+0530][gc            ] GC(2) Pause Remark 138M->138M(1024M) 2.297ms
[2020-07-10T15:24:48.777+0530][gc,cpu        ] GC(2) User=0.01s Sys=0.00s Real=0.00s
[2020-07-10T15:24:48.777+0530][gc,marking    ] GC(2) Concurrent Rebuild Remembered Sets
[2020-07-10T15:24:48.781+0530][gc,marking    ] GC(2) Concurrent Rebuild Remembered Sets 3.240ms
[2020-07-10T15:24:48.781+0530][gc,start      ] GC(2) Pause Cleanup
[2020-07-10T15:24:48.781+0530][gc            ] GC(2) Pause Cleanup 138M->138M(1024M) 0.191ms
[2020-07-10T15:24:48.781+0530][gc,cpu        ] GC(2) User=0.00s Sys=0.00s Real=0.00s
[2020-07-10T15:24:48.781+0530][gc,marking    ] GC(2) Concurrent Cleanup for Next Mark
[2020-07-10T15:24:48.785+0530][gc,marking    ] GC(2) Concurrent Cleanup for Next Mark 3.839ms
[2020-07-10T15:24:48.785+0530][gc            ] GC(2) Concurrent Cycle 18.659ms
[2020-07-10T15:24:50.616+0530][gc,heap,exit  ] Heap
[2020-07-10T15:24:50.616+0530][gc,heap,exit  ]  garbage-first heap   total 1048576K, used 168373K [0x00000000c0000000, 0x0000000100000000)
[2020-07-10T15:24:50.616+0530][gc,heap,exit  ]   region size 1024K, 30 young (30720K), 2 survivors (2048K)
[2020-07-10T15:24:50.616+0530][gc,heap,exit  ]  Metaspace       used 24843K, capacity 25663K, committed 25856K, reserved 1071104K
[2020-07-10T15:24:50.616+0530][gc,heap,exit  ]   class space    used 2944K, capacity 3304K, committed 3328K, reserved 1048576K
