[2020-07-11T07:30:05.403+0530][gc,heap] Heap region size: 1M
[2020-07-11T07:30:05.412+0530][gc     ] Using G1
[2020-07-11T07:30:05.412+0530][gc,heap,coops] Heap address: 0x00000000c0000000, size: 1024 MB, Compressed Oops mode: 32-bit
[2020-07-11T07:30:05.412+0530][gc,cds       ] Mark closed archive regions in map: [0x00000000fff00000, 0x00000000fff69ff8]
[2020-07-11T07:30:05.412+0530][gc,cds       ] Mark open archive regions in map: [0x00000000ffe00000, 0x00000000ffe46ff8]
[2020-07-11T07:30:06.447+0530][gc,start     ] GC(0) Pause Young (Normal) (G1 Evacuation Pause)
[2020-07-11T07:30:06.448+0530][gc,task      ] GC(0) Using 8 workers of 8 for evacuation
[2020-07-11T07:30:06.457+0530][gc,phases    ] GC(0)   Pre Evacuate Collection Set: 0.0ms
[2020-07-11T07:30:06.457+0530][gc,phases    ] GC(0)   Evacuate Collection Set: 8.2ms
[2020-07-11T07:30:06.457+0530][gc,phases    ] GC(0)   Post Evacuate Collection Set: 0.4ms
[2020-07-11T07:30:06.457+0530][gc,phases    ] GC(0)   Other: 1.1ms
[2020-07-11T07:30:06.457+0530][gc,heap      ] GC(0) Eden regions: 51->0(44)
[2020-07-11T07:30:06.457+0530][gc,heap      ] GC(0) Survivor regions: 0->7(7)
[2020-07-11T07:30:06.457+0530][gc,heap      ] GC(0) Old regions: 2->2
[2020-07-11T07:30:06.457+0530][gc,heap      ] GC(0) Humongous regions: 0->0
[2020-07-11T07:30:06.457+0530][gc,metaspace ] GC(0) Metaspace: 15467K->15467K(1062912K)
[2020-07-11T07:30:06.457+0530][gc           ] GC(0) Pause Young (Normal) (G1 Evacuation Pause) 51M->6M(1024M) 9.833ms
[2020-07-11T07:30:06.457+0530][gc,cpu       ] GC(0) User=0.04s Sys=0.01s Real=0.01s
[2020-07-11T07:30:09.633+0530][gc,heap,exit ] Heap
[2020-07-11T07:30:09.633+0530][gc,heap,exit ]  garbage-first heap   total 1048576K, used 25573K [0x00000000c0000000, 0x0000000100000000)
[2020-07-11T07:30:09.633+0530][gc,heap,exit ]   region size 1024K, 26 young (26624K), 7 survivors (7168K)
[2020-07-11T07:30:09.633+0530][gc,heap,exit ]  Metaspace       used 20003K, capacity 20553K, committed 20864K, reserved 1067008K
[2020-07-11T07:30:09.633+0530][gc,heap,exit ]   class space    used 2421K, capacity 2611K, committed 2688K, reserved 1048576K
