[2020-07-06T19:40:35.962+0530][gc,heap] Heap region size: 1M
[2020-07-06T19:40:35.970+0530][gc     ] Using G1
[2020-07-06T19:40:35.970+0530][gc,heap,coops] Heap address: 0x00000000c0000000, size: 1024 MB, Compressed Oops mode: 32-bit
[2020-07-06T19:40:35.970+0530][gc,cds       ] Mark closed archive regions in map: [0x00000000fff00000, 0x00000000fff69ff8]
[2020-07-06T19:40:35.970+0530][gc,cds       ] Mark open archive regions in map: [0x00000000ffe00000, 0x00000000ffe46ff8]
[2020-07-06T19:40:36.985+0530][gc,start     ] GC(0) Pause Young (Normal) (G1 Evacuation Pause)
[2020-07-06T19:40:36.986+0530][gc,task      ] GC(0) Using 8 workers of 8 for evacuation
[2020-07-06T19:40:36.994+0530][gc,phases    ] GC(0)   Pre Evacuate Collection Set: 0.0ms
[2020-07-06T19:40:36.994+0530][gc,phases    ] GC(0)   Evacuate Collection Set: 7.4ms
[2020-07-06T19:40:36.994+0530][gc,phases    ] GC(0)   Post Evacuate Collection Set: 0.4ms
[2020-07-06T19:40:36.994+0530][gc,phases    ] GC(0)   Other: 0.8ms
[2020-07-06T19:40:36.994+0530][gc,heap      ] GC(0) Eden regions: 51->0(44)
[2020-07-06T19:40:36.994+0530][gc,heap      ] GC(0) Survivor regions: 0->7(7)
[2020-07-06T19:40:36.994+0530][gc,heap      ] GC(0) Old regions: 2->2
[2020-07-06T19:40:36.994+0530][gc,heap      ] GC(0) Humongous regions: 0->0
[2020-07-06T19:40:36.994+0530][gc,metaspace ] GC(0) Metaspace: 15506K->15506K(1062912K)
[2020-07-06T19:40:36.994+0530][gc           ] GC(0) Pause Young (Normal) (G1 Evacuation Pause) 51M->7M(1024M) 8.680ms
[2020-07-06T19:40:36.994+0530][gc,cpu       ] GC(0) User=0.05s Sys=0.00s Real=0.01s
[2020-07-06T19:40:37.313+0530][gc,start     ] GC(1) Pause Young (Concurrent Start) (Metadata GC Threshold)
[2020-07-06T19:40:37.313+0530][gc,task      ] GC(1) Using 8 workers of 8 for evacuation
[2020-07-06T19:40:37.320+0530][gc,phases    ] GC(1)   Pre Evacuate Collection Set: 0.0ms
[2020-07-06T19:40:37.320+0530][gc,phases    ] GC(1)   Evacuate Collection Set: 6.4ms
[2020-07-06T19:40:37.320+0530][gc,phases    ] GC(1)   Post Evacuate Collection Set: 0.3ms
[2020-07-06T19:40:37.320+0530][gc,phases    ] GC(1)   Other: 0.2ms
[2020-07-06T19:40:37.320+0530][gc,heap      ] GC(1) Eden regions: 22->0(49)
[2020-07-06T19:40:37.320+0530][gc,heap      ] GC(1) Survivor regions: 7->2(7)
[2020-07-06T19:40:37.320+0530][gc,heap      ] GC(1) Old regions: 2->9
[2020-07-06T19:40:37.320+0530][gc,heap      ] GC(1) Humongous regions: 129->129
[2020-07-06T19:40:37.320+0530][gc,metaspace ] GC(1) Metaspace: 20507K->20507K(1067008K)
[2020-07-06T19:40:37.320+0530][gc           ] GC(1) Pause Young (Concurrent Start) (Metadata GC Threshold) 157M->137M(1024M) 6.942ms
[2020-07-06T19:40:37.320+0530][gc,cpu       ] GC(1) User=0.02s Sys=0.01s Real=0.00s
[2020-07-06T19:40:37.320+0530][gc           ] GC(2) Concurrent Cycle
[2020-07-06T19:40:37.320+0530][gc,marking   ] GC(2) Concurrent Clear Claimed Marks
[2020-07-06T19:40:37.320+0530][gc,marking   ] GC(2) Concurrent Clear Claimed Marks 0.023ms
[2020-07-06T19:40:37.320+0530][gc,marking   ] GC(2) Concurrent Scan Root Regions
[2020-07-06T19:40:37.321+0530][gc,marking   ] GC(2) Concurrent Scan Root Regions 0.552ms
[2020-07-06T19:40:37.321+0530][gc,marking   ] GC(2) Concurrent Mark (1.361s)
[2020-07-06T19:40:37.321+0530][gc,marking   ] GC(2) Concurrent Mark From Roots
[2020-07-06T19:40:37.321+0530][gc,task      ] GC(2) Using 2 workers of 2 for marking
[2020-07-06T19:40:37.328+0530][gc,marking   ] GC(2) Concurrent Mark From Roots 7.099ms
[2020-07-06T19:40:37.328+0530][gc,marking   ] GC(2) Concurrent Preclean
[2020-07-06T19:40:37.328+0530][gc,marking   ] GC(2) Concurrent Preclean 0.119ms
[2020-07-06T19:40:37.328+0530][gc,marking   ] GC(2) Concurrent Mark (1.361s, 1.369s) 7.261ms
[2020-07-06T19:40:37.328+0530][gc,start     ] GC(2) Pause Remark
[2020-07-06T19:40:37.330+0530][gc,stringtable] GC(2) Cleaned string and symbol table, strings: 4972 processed, 0 removed, symbols: 50849 processed, 44 removed
[2020-07-06T19:40:37.330+0530][gc            ] GC(2) Pause Remark 138M->138M(1024M) 1.892ms
[2020-07-06T19:40:37.330+0530][gc,cpu        ] GC(2) User=0.01s Sys=0.00s Real=0.01s
[2020-07-06T19:40:37.330+0530][gc,marking    ] GC(2) Concurrent Rebuild Remembered Sets
[2020-07-06T19:40:37.333+0530][gc,marking    ] GC(2) Concurrent Rebuild Remembered Sets 3.029ms
[2020-07-06T19:40:37.333+0530][gc,start      ] GC(2) Pause Cleanup
[2020-07-06T19:40:37.333+0530][gc            ] GC(2) Pause Cleanup 139M->139M(1024M) 0.164ms
[2020-07-06T19:40:37.333+0530][gc,cpu        ] GC(2) User=0.00s Sys=0.00s Real=0.00s
[2020-07-06T19:40:37.334+0530][gc,marking    ] GC(2) Concurrent Cleanup for Next Mark
[2020-07-06T19:40:37.338+0530][gc,marking    ] GC(2) Concurrent Cleanup for Next Mark 4.056ms
[2020-07-06T19:40:37.338+0530][gc            ] GC(2) Concurrent Cycle 17.376ms
[2020-07-06T19:40:37.879+0530][gc,start      ] GC(3) Pause Young (Normal) (G1 Evacuation Pause)
[2020-07-06T19:40:37.879+0530][gc,task       ] GC(3) Using 8 workers of 8 for evacuation
[2020-07-06T19:40:37.886+0530][gc,phases     ] GC(3)   Pre Evacuate Collection Set: 0.0ms
[2020-07-06T19:40:37.886+0530][gc,phases     ] GC(3)   Evacuate Collection Set: 6.3ms
[2020-07-06T19:40:37.886+0530][gc,phases     ] GC(3)   Post Evacuate Collection Set: 0.4ms
[2020-07-06T19:40:37.886+0530][gc,phases     ] GC(3)   Other: 0.1ms
[2020-07-06T19:40:37.886+0530][gc,heap       ] GC(3) Eden regions: 49->0(46)
[2020-07-06T19:40:37.886+0530][gc,heap       ] GC(3) Survivor regions: 2->5(7)
[2020-07-06T19:40:37.886+0530][gc,heap       ] GC(3) Old regions: 9->9
[2020-07-06T19:40:37.886+0530][gc,heap       ] GC(3) Humongous regions: 129->129
[2020-07-06T19:40:37.886+0530][gc,metaspace  ] GC(3) Metaspace: 29968K->29968K(1077248K)
[2020-07-06T19:40:37.886+0530][gc            ] GC(3) Pause Young (Normal) (G1 Evacuation Pause) 186M->140M(1024M) 6.919ms
[2020-07-06T19:40:37.886+0530][gc,cpu        ] GC(3) User=0.03s Sys=0.00s Real=0.01s
[2020-07-06T19:42:03.395+0530][gc,start      ] GC(4) Pause Young (Concurrent Start) (Metadata GC Threshold)
[2020-07-06T19:42:03.395+0530][gc,task       ] GC(4) Using 8 workers of 8 for evacuation
[2020-07-06T19:42:03.403+0530][gc,phases     ] GC(4)   Pre Evacuate Collection Set: 0.1ms
[2020-07-06T19:42:03.403+0530][gc,phases     ] GC(4)   Evacuate Collection Set: 6.8ms
[2020-07-06T19:42:03.403+0530][gc,phases     ] GC(4)   Post Evacuate Collection Set: 0.5ms
[2020-07-06T19:42:03.403+0530][gc,phases     ] GC(4)   Other: 0.2ms
[2020-07-06T19:42:03.403+0530][gc,heap       ] GC(4) Eden regions: 21->0(50)
[2020-07-06T19:42:03.403+0530][gc,heap       ] GC(4) Survivor regions: 5->1(7)
[2020-07-06T19:42:03.403+0530][gc,heap       ] GC(4) Old regions: 9->14
[2020-07-06T19:42:03.403+0530][gc,heap       ] GC(4) Humongous regions: 129->129
[2020-07-06T19:42:03.403+0530][gc,metaspace  ] GC(4) Metaspace: 34276K->34276K(1081344K)
[2020-07-06T19:42:03.403+0530][gc            ] GC(4) Pause Young (Concurrent Start) (Metadata GC Threshold) 161M->141M(1024M) 7.697ms
[2020-07-06T19:42:03.403+0530][gc,cpu        ] GC(4) User=0.05s Sys=0.00s Real=0.01s
[2020-07-06T19:42:03.403+0530][gc            ] GC(5) Concurrent Cycle
[2020-07-06T19:42:03.403+0530][gc,marking    ] GC(5) Concurrent Clear Claimed Marks
[2020-07-06T19:42:03.403+0530][gc,marking    ] GC(5) Concurrent Clear Claimed Marks 0.055ms
[2020-07-06T19:42:03.403+0530][gc,marking    ] GC(5) Concurrent Scan Root Regions
[2020-07-06T19:42:03.404+0530][gc,marking    ] GC(5) Concurrent Scan Root Regions 1.131ms
[2020-07-06T19:42:03.404+0530][gc,marking    ] GC(5) Concurrent Mark (87.445s)
[2020-07-06T19:42:03.404+0530][gc,marking    ] GC(5) Concurrent Mark From Roots
[2020-07-06T19:42:03.404+0530][gc,task       ] GC(5) Using 2 workers of 2 for marking
[2020-07-06T19:42:03.418+0530][gc,marking    ] GC(5) Concurrent Mark From Roots 14.007ms
[2020-07-06T19:42:03.418+0530][gc,marking    ] GC(5) Concurrent Preclean
[2020-07-06T19:42:03.418+0530][gc,marking    ] GC(5) Concurrent Preclean 0.207ms
[2020-07-06T19:42:03.418+0530][gc,marking    ] GC(5) Concurrent Mark (87.445s, 87.459s) 14.290ms
[2020-07-06T19:42:03.419+0530][gc,start      ] GC(5) Pause Remark
[2020-07-06T19:42:03.433+0530][gc,stringtable] GC(5) Cleaned string and symbol table, strings: 10293 processed, 10 removed, symbols: 79218 processed, 17 removed
[2020-07-06T19:42:03.433+0530][gc            ] GC(5) Pause Remark 142M->142M(1024M) 14.321ms
[2020-07-06T19:42:03.433+0530][gc,cpu        ] GC(5) User=0.07s Sys=0.00s Real=0.02s
[2020-07-06T19:42:03.433+0530][gc,marking    ] GC(5) Concurrent Rebuild Remembered Sets
[2020-07-06T19:42:03.440+0530][gc,marking    ] GC(5) Concurrent Rebuild Remembered Sets 6.668ms
[2020-07-06T19:42:03.440+0530][gc,start      ] GC(5) Pause Cleanup
[2020-07-06T19:42:03.440+0530][gc            ] GC(5) Pause Cleanup 142M->142M(1024M) 0.182ms
[2020-07-06T19:42:03.440+0530][gc,cpu        ] GC(5) User=0.00s Sys=0.00s Real=0.00s
[2020-07-06T19:42:03.440+0530][gc,marking    ] GC(5) Concurrent Cleanup for Next Mark
[2020-07-06T19:42:03.444+0530][gc,marking    ] GC(5) Concurrent Cleanup for Next Mark 4.318ms
[2020-07-06T19:42:03.444+0530][gc            ] GC(5) Concurrent Cycle 41.577ms
[2020-07-06T21:06:37.491+0530][gc,start      ] GC(6) Pause Young (Normal) (G1 Evacuation Pause)
[2020-07-06T21:06:37.491+0530][gc,task       ] GC(6) Using 8 workers of 8 for evacuation
[2020-07-06T21:06:37.493+0530][gc,phases     ] GC(6)   Pre Evacuate Collection Set: 0.0ms
[2020-07-06T21:06:37.493+0530][gc,phases     ] GC(6)   Evacuate Collection Set: 1.9ms
[2020-07-06T21:06:37.493+0530][gc,phases     ] GC(6)   Post Evacuate Collection Set: 0.4ms
[2020-07-06T21:06:37.493+0530][gc,phases     ] GC(6)   Other: 0.2ms
[2020-07-06T21:06:37.493+0530][gc,heap       ] GC(6) Eden regions: 50->0(49)
[2020-07-06T21:06:37.493+0530][gc,heap       ] GC(6) Survivor regions: 1->2(7)
[2020-07-06T21:06:37.493+0530][gc,heap       ] GC(6) Old regions: 14->14
[2020-07-06T21:06:37.493+0530][gc,heap       ] GC(6) Humongous regions: 129->129
[2020-07-06T21:06:37.493+0530][gc,metaspace  ] GC(6) Metaspace: 35536K->35536K(1081344K)
[2020-07-06T21:06:37.493+0530][gc            ] GC(6) Pause Young (Normal) (G1 Evacuation Pause) 191M->141M(1024M) 2.631ms
[2020-07-06T21:06:37.493+0530][gc,cpu        ] GC(6) User=0.01s Sys=0.00s Real=0.00s
[2020-07-06T22:25:23.211+0530][gc,heap,exit  ] Heap
[2020-07-06T22:25:23.228+0530][gc,heap,exit  ]  garbage-first heap   total 1048576K, used 192368K [0x00000000c0000000, 0x0000000100000000)
[2020-07-06T22:25:23.228+0530][gc,heap,exit  ]   region size 1024K, 50 young (51200K), 2 survivors (2048K)
[2020-07-06T22:25:23.228+0530][gc,heap,exit  ]  Metaspace       used 36146K, capacity 37994K, committed 38144K, reserved 1081344K
[2020-07-06T22:25:23.228+0530][gc,heap,exit  ]   class space    used 4593K, capacity 5480K, committed 5504K, reserved 1048576K
