[2020-07-11T07:23:15.988+0530][gc,heap] Heap region size: 1M
[2020-07-11T07:23:15.999+0530][gc     ] Using G1
[2020-07-11T07:23:15.999+0530][gc,heap,coops] Heap address: 0x00000000c0000000, size: 1024 MB, Compressed Oops mode: 32-bit
[2020-07-11T07:23:15.999+0530][gc,cds       ] Mark closed archive regions in map: [0x00000000fff00000, 0x00000000fff69ff8]
[2020-07-11T07:23:15.999+0530][gc,cds       ] Mark open archive regions in map: [0x00000000ffe00000, 0x00000000ffe46ff8]
[2020-07-11T07:23:22.822+0530][gc,start     ] GC(0) Pause Young (Normal) (G1 Evacuation Pause)
[2020-07-11T07:23:22.825+0530][gc,task      ] GC(0) Using 8 workers of 8 for evacuation
[2020-07-11T07:23:22.837+0530][gc,phases    ] GC(0)   Pre Evacuate Collection Set: 0.0ms
[2020-07-11T07:23:22.837+0530][gc,phases    ] GC(0)   Evacuate Collection Set: 12.0ms
[2020-07-11T07:23:22.837+0530][gc,phases    ] GC(0)   Post Evacuate Collection Set: 0.5ms
[2020-07-11T07:23:22.837+0530][gc,phases    ] GC(0)   Other: 2.8ms
[2020-07-11T07:23:22.837+0530][gc,heap      ] GC(0) Eden regions: 51->0(44)
[2020-07-11T07:23:22.837+0530][gc,heap      ] GC(0) Survivor regions: 0->7(7)
[2020-07-11T07:23:22.837+0530][gc,heap      ] GC(0) Old regions: 2->2
[2020-07-11T07:23:22.837+0530][gc,heap      ] GC(0) Humongous regions: 0->0
[2020-07-11T07:23:22.837+0530][gc,metaspace ] GC(0) Metaspace: 15479K->15479K(1062912K)
[2020-07-11T07:23:22.837+0530][gc           ] GC(0) Pause Young (Normal) (G1 Evacuation Pause) 51M->7M(1024M) 15.383ms
[2020-07-11T07:23:22.837+0530][gc,cpu       ] GC(0) User=0.10s Sys=0.00s Real=0.02s
[2020-07-11T07:23:24.425+0530][gc,start     ] GC(1) Pause Young (Concurrent Start) (Metadata GC Threshold)
[2020-07-11T07:23:24.425+0530][gc,task      ] GC(1) Using 8 workers of 8 for evacuation
[2020-07-11T07:23:24.441+0530][gc,phases    ] GC(1)   Pre Evacuate Collection Set: 0.1ms
[2020-07-11T07:23:24.441+0530][gc,phases    ] GC(1)   Evacuate Collection Set: 15.3ms
[2020-07-11T07:23:24.441+0530][gc,phases    ] GC(1)   Post Evacuate Collection Set: 0.5ms
[2020-07-11T07:23:24.441+0530][gc,phases    ] GC(1)   Other: 0.5ms
[2020-07-11T07:23:24.441+0530][gc,heap      ] GC(1) Eden regions: 22->0(49)
[2020-07-11T07:23:24.441+0530][gc,heap      ] GC(1) Survivor regions: 7->2(7)
[2020-07-11T07:23:24.441+0530][gc,heap      ] GC(1) Old regions: 2->9
[2020-07-11T07:23:24.441+0530][gc,heap      ] GC(1) Humongous regions: 129->129
[2020-07-11T07:23:24.441+0530][gc,metaspace ] GC(1) Metaspace: 20618K->20618K(1067008K)
[2020-07-11T07:23:24.441+0530][gc           ] GC(1) Pause Young (Concurrent Start) (Metadata GC Threshold) 158M->137M(1024M) 16.439ms
[2020-07-11T07:23:24.441+0530][gc,cpu       ] GC(1) User=0.06s Sys=0.01s Real=0.02s
[2020-07-11T07:23:24.441+0530][gc           ] GC(2) Concurrent Cycle
[2020-07-11T07:23:24.441+0530][gc,marking   ] GC(2) Concurrent Clear Claimed Marks
[2020-07-11T07:23:24.441+0530][gc,marking   ] GC(2) Concurrent Clear Claimed Marks 0.030ms
[2020-07-11T07:23:24.441+0530][gc,marking   ] GC(2) Concurrent Scan Root Regions
[2020-07-11T07:23:24.442+0530][gc,marking   ] GC(2) Concurrent Scan Root Regions 0.816ms
[2020-07-11T07:23:24.442+0530][gc,marking   ] GC(2) Concurrent Mark (8.457s)
[2020-07-11T07:23:24.442+0530][gc,marking   ] GC(2) Concurrent Mark From Roots
[2020-07-11T07:23:24.442+0530][gc,task      ] GC(2) Using 2 workers of 2 for marking
[2020-07-11T07:23:24.449+0530][gc,marking   ] GC(2) Concurrent Mark From Roots 6.414ms
[2020-07-11T07:23:24.449+0530][gc,marking   ] GC(2) Concurrent Preclean
[2020-07-11T07:23:24.449+0530][gc,marking   ] GC(2) Concurrent Preclean 0.169ms
[2020-07-11T07:23:24.449+0530][gc,marking   ] GC(2) Concurrent Mark (8.457s, 8.464s) 6.644ms
[2020-07-11T07:23:24.449+0530][gc,start     ] GC(2) Pause Remark
[2020-07-11T07:23:24.451+0530][gc,stringtable] GC(2) Cleaned string and symbol table, strings: 4979 processed, 0 removed, symbols: 50883 processed, 45 removed
[2020-07-11T07:23:24.451+0530][gc            ] GC(2) Pause Remark 137M->137M(1024M) 2.098ms
[2020-07-11T07:23:24.451+0530][gc,cpu        ] GC(2) User=0.01s Sys=0.00s Real=0.00s
[2020-07-11T07:23:24.451+0530][gc,marking    ] GC(2) Concurrent Rebuild Remembered Sets
[2020-07-11T07:23:24.454+0530][gc,marking    ] GC(2) Concurrent Rebuild Remembered Sets 3.152ms
[2020-07-11T07:23:24.455+0530][gc,start      ] GC(2) Pause Cleanup
[2020-07-11T07:23:24.456+0530][gc            ] GC(2) Pause Cleanup 138M->138M(1024M) 0.265ms
[2020-07-11T07:23:24.456+0530][gc,cpu        ] GC(2) User=0.00s Sys=0.00s Real=0.00s
[2020-07-11T07:23:24.456+0530][gc,marking    ] GC(2) Concurrent Cleanup for Next Mark
[2020-07-11T07:23:24.460+0530][gc,marking    ] GC(2) Concurrent Cleanup for Next Mark 3.760ms
[2020-07-11T07:23:24.460+0530][gc            ] GC(2) Concurrent Cycle 18.199ms
[2020-07-11T07:23:26.270+0530][gc,start      ] GC(3) Pause Young (Normal) (G1 Evacuation Pause)
[2020-07-11T07:23:26.270+0530][gc,task       ] GC(3) Using 8 workers of 8 for evacuation
[2020-07-11T07:23:26.274+0530][gc,phases     ] GC(3)   Pre Evacuate Collection Set: 0.0ms
[2020-07-11T07:23:26.274+0530][gc,phases     ] GC(3)   Evacuate Collection Set: 3.9ms
[2020-07-11T07:23:26.274+0530][gc,phases     ] GC(3)   Post Evacuate Collection Set: 0.4ms
[2020-07-11T07:23:26.274+0530][gc,phases     ] GC(3)   Other: 0.2ms
[2020-07-11T07:23:26.274+0530][gc,heap       ] GC(3) Eden regions: 49->0(45)
[2020-07-11T07:23:26.274+0530][gc,heap       ] GC(3) Survivor regions: 2->6(7)
[2020-07-11T07:23:26.274+0530][gc,heap       ] GC(3) Old regions: 9->9
[2020-07-11T07:23:26.274+0530][gc,heap       ] GC(3) Humongous regions: 129->129
[2020-07-11T07:23:26.274+0530][gc,metaspace  ] GC(3) Metaspace: 30021K->30021K(1077248K)
[2020-07-11T07:23:26.274+0530][gc            ] GC(3) Pause Young (Normal) (G1 Evacuation Pause) 186M->140M(1024M) 4.523ms
[2020-07-11T07:23:26.274+0530][gc,cpu        ] GC(3) User=0.03s Sys=0.00s Real=0.00s
[2020-07-11T07:31:14.571+0530][gc,start      ] GC(4) Pause Young (Concurrent Start) (Metadata GC Threshold)
[2020-07-11T07:31:14.582+0530][gc,task       ] GC(4) Using 8 workers of 8 for evacuation
[2020-07-11T07:31:14.589+0530][gc,phases     ] GC(4)   Pre Evacuate Collection Set: 0.1ms
[2020-07-11T07:31:14.589+0530][gc,phases     ] GC(4)   Evacuate Collection Set: 6.0ms
[2020-07-11T07:31:14.589+0530][gc,phases     ] GC(4)   Post Evacuate Collection Set: 0.4ms
[2020-07-11T07:31:14.589+0530][gc,phases     ] GC(4)   Other: 11.7ms
[2020-07-11T07:31:14.589+0530][gc,heap       ] GC(4) Eden regions: 24->0(49)
[2020-07-11T07:31:14.589+0530][gc,heap       ] GC(4) Survivor regions: 6->2(7)
[2020-07-11T07:31:14.589+0530][gc,heap       ] GC(4) Old regions: 9->14
[2020-07-11T07:31:14.589+0530][gc,heap       ] GC(4) Humongous regions: 129->129
[2020-07-11T07:31:14.589+0530][gc,metaspace  ] GC(4) Metaspace: 34265K->34265K(1081344K)
[2020-07-11T07:31:14.589+0530][gc            ] GC(4) Pause Young (Concurrent Start) (Metadata GC Threshold) 164M->142M(1024M) 18.299ms
[2020-07-11T07:31:14.589+0530][gc,cpu        ] GC(4) User=0.03s Sys=0.00s Real=0.02s
[2020-07-11T07:31:14.589+0530][gc            ] GC(5) Concurrent Cycle
[2020-07-11T07:31:14.589+0530][gc,marking    ] GC(5) Concurrent Clear Claimed Marks
[2020-07-11T07:31:14.589+0530][gc,marking    ] GC(5) Concurrent Clear Claimed Marks 0.093ms
[2020-07-11T07:31:14.589+0530][gc,marking    ] GC(5) Concurrent Scan Root Regions
[2020-07-11T07:31:14.590+0530][gc,marking    ] GC(5) Concurrent Scan Root Regions 0.896ms
[2020-07-11T07:31:14.590+0530][gc,marking    ] GC(5) Concurrent Mark (477.958s)
[2020-07-11T07:31:14.590+0530][gc,marking    ] GC(5) Concurrent Mark From Roots
[2020-07-11T07:31:14.590+0530][gc,task       ] GC(5) Using 2 workers of 2 for marking
[2020-07-11T07:31:14.601+0530][gc,marking    ] GC(5) Concurrent Mark From Roots 10.701ms
[2020-07-11T07:31:14.601+0530][gc,marking    ] GC(5) Concurrent Preclean
[2020-07-11T07:31:14.601+0530][gc,marking    ] GC(5) Concurrent Preclean 0.168ms
[2020-07-11T07:31:14.601+0530][gc,marking    ] GC(5) Concurrent Mark (477.958s, 477.969s) 10.935ms
[2020-07-11T07:31:14.601+0530][gc,start      ] GC(5) Pause Remark
[2020-07-11T07:31:14.612+0530][gc,stringtable] GC(5) Cleaned string and symbol table, strings: 10287 processed, 10 removed, symbols: 79413 processed, 20 removed
[2020-07-11T07:31:14.612+0530][gc            ] GC(5) Pause Remark 142M->142M(1024M) 10.597ms
[2020-07-11T07:31:14.612+0530][gc,cpu        ] GC(5) User=0.06s Sys=0.00s Real=0.01s
[2020-07-11T07:31:14.612+0530][gc,marking    ] GC(5) Concurrent Rebuild Remembered Sets
[2020-07-11T07:31:14.617+0530][gc,marking    ] GC(5) Concurrent Rebuild Remembered Sets 5.020ms
[2020-07-11T07:31:14.617+0530][gc,start      ] GC(5) Pause Cleanup
[2020-07-11T07:31:14.617+0530][gc            ] GC(5) Pause Cleanup 142M->142M(1024M) 0.153ms
[2020-07-11T07:31:14.617+0530][gc,cpu        ] GC(5) User=0.00s Sys=0.00s Real=0.00s
[2020-07-11T07:31:14.617+0530][gc,marking    ] GC(5) Concurrent Cleanup for Next Mark
[2020-07-11T07:31:14.621+0530][gc,marking    ] GC(5) Concurrent Cleanup for Next Mark 3.647ms
[2020-07-11T07:31:14.621+0530][gc            ] GC(5) Concurrent Cycle 31.801ms
[2020-07-11T08:09:40.232+0530][gc,start      ] GC(6) Pause Young (Normal) (G1 Evacuation Pause)
[2020-07-11T08:09:40.243+0530][gc,task       ] GC(6) Using 8 workers of 8 for evacuation
[2020-07-11T08:09:40.251+0530][gc,phases     ] GC(6)   Pre Evacuate Collection Set: 0.1ms
[2020-07-11T08:09:40.251+0530][gc,phases     ] GC(6)   Evacuate Collection Set: 6.3ms
[2020-07-11T08:09:40.251+0530][gc,phases     ] GC(6)   Post Evacuate Collection Set: 0.6ms
[2020-07-11T08:09:40.251+0530][gc,phases     ] GC(6)   Other: 11.5ms
[2020-07-11T08:09:40.251+0530][gc,heap       ] GC(6) Eden regions: 49->0(49)
[2020-07-11T08:09:40.251+0530][gc,heap       ] GC(6) Survivor regions: 2->2(7)
[2020-07-11T08:09:40.251+0530][gc,heap       ] GC(6) Old regions: 14->14
[2020-07-11T08:09:40.251+0530][gc,heap       ] GC(6) Humongous regions: 129->129
[2020-07-11T08:09:40.251+0530][gc,metaspace  ] GC(6) Metaspace: 36680K->36680K(1083392K)
[2020-07-11T08:09:40.251+0530][gc            ] GC(6) Pause Young (Normal) (G1 Evacuation Pause) 191M->142M(1024M) 18.529ms
[2020-07-11T08:09:40.251+0530][gc,cpu        ] GC(6) User=0.05s Sys=0.00s Real=0.01s
[2020-07-11T08:58:39.947+0530][gc,start      ] GC(7) Pause Young (Normal) (G1 Evacuation Pause)
[2020-07-11T08:58:40.020+0530][gc,task       ] GC(7) Using 8 workers of 8 for evacuation
[2020-07-11T08:58:40.029+0530][gc,phases     ] GC(7)   Pre Evacuate Collection Set: 0.1ms
[2020-07-11T08:58:40.029+0530][gc,phases     ] GC(7)   Evacuate Collection Set: 5.7ms
[2020-07-11T08:58:40.029+0530][gc,phases     ] GC(7)   Post Evacuate Collection Set: 3.4ms
[2020-07-11T08:58:40.029+0530][gc,phases     ] GC(7)   Other: 73.5ms
[2020-07-11T08:58:40.029+0530][gc,heap       ] GC(7) Eden regions: 49->0(49)
[2020-07-11T08:58:40.029+0530][gc,heap       ] GC(7) Survivor regions: 2->2(7)
[2020-07-11T08:58:40.029+0530][gc,heap       ] GC(7) Old regions: 14->14
[2020-07-11T08:58:40.029+0530][gc,heap       ] GC(7) Humongous regions: 129->129
[2020-07-11T08:58:40.029+0530][gc,metaspace  ] GC(7) Metaspace: 36952K->36952K(1083392K)
[2020-07-11T08:58:40.029+0530][gc            ] GC(7) Pause Young (Normal) (G1 Evacuation Pause) 191M->142M(1024M) 82.755ms
[2020-07-11T08:58:40.029+0530][gc,cpu        ] GC(7) User=0.04s Sys=0.00s Real=0.08s
[2020-07-11T09:32:45.586+0530][gc,start      ] GC(8) Pause Young (Normal) (G1 Evacuation Pause)
[2020-07-11T09:32:45.592+0530][gc,task       ] GC(8) Using 8 workers of 8 for evacuation
[2020-07-11T09:32:45.608+0530][gc,phases     ] GC(8)   Pre Evacuate Collection Set: 0.0ms
[2020-07-11T09:32:45.608+0530][gc,phases     ] GC(8)   Evacuate Collection Set: 8.5ms
[2020-07-11T09:32:45.608+0530][gc,phases     ] GC(8)   Post Evacuate Collection Set: 7.2ms
[2020-07-11T09:32:45.608+0530][gc,phases     ] GC(8)   Other: 6.4ms
[2020-07-11T09:32:45.608+0530][gc,heap       ] GC(8) Eden regions: 49->0(48)
[2020-07-11T09:32:45.608+0530][gc,heap       ] GC(8) Survivor regions: 2->3(7)
[2020-07-11T09:32:45.608+0530][gc,heap       ] GC(8) Old regions: 14->14
[2020-07-11T09:32:45.608+0530][gc,heap       ] GC(8) Humongous regions: 129->129
[2020-07-11T09:32:45.608+0530][gc,metaspace  ] GC(8) Metaspace: 37391K->37391K(1083392K)
[2020-07-11T09:32:45.608+0530][gc            ] GC(8) Pause Young (Normal) (G1 Evacuation Pause) 191M->143M(1024M) 22.361ms
[2020-07-11T09:32:45.608+0530][gc,cpu        ] GC(8) User=0.10s Sys=0.00s Real=0.02s
[2020-07-11T09:38:55.619+0530][gc,start      ] GC(9) Pause Young (Normal) (G1 Evacuation Pause)
[2020-07-11T09:38:55.625+0530][gc,task       ] GC(9) Using 8 workers of 8 for evacuation
[2020-07-11T09:38:55.637+0530][gc,phases     ] GC(9)   Pre Evacuate Collection Set: 0.1ms
[2020-07-11T09:38:55.637+0530][gc,phases     ] GC(9)   Evacuate Collection Set: 9.4ms
[2020-07-11T09:38:55.637+0530][gc,phases     ] GC(9)   Post Evacuate Collection Set: 1.9ms
[2020-07-11T09:38:55.637+0530][gc,phases     ] GC(9)   Other: 6.6ms
[2020-07-11T09:38:55.637+0530][gc,heap       ] GC(9) Eden regions: 48->0(48)
[2020-07-11T09:38:55.637+0530][gc,heap       ] GC(9) Survivor regions: 3->5(7)
[2020-07-11T09:38:55.637+0530][gc,heap       ] GC(9) Old regions: 14->14
[2020-07-11T09:38:55.637+0530][gc,heap       ] GC(9) Humongous regions: 129->129
[2020-07-11T09:38:55.637+0530][gc,metaspace  ] GC(9) Metaspace: 39254K->39254K(1085440K)
[2020-07-11T09:38:55.637+0530][gc            ] GC(9) Pause Young (Normal) (G1 Evacuation Pause) 191M->145M(1024M) 17.993ms
[2020-07-11T09:38:55.637+0530][gc,cpu        ] GC(9) User=0.06s Sys=0.01s Real=0.02s
[2020-07-11T09:49:54.422+0530][gc,start      ] GC(10) Pause Young (Normal) (G1 Evacuation Pause)
[2020-07-11T09:49:54.427+0530][gc,task       ] GC(10) Using 8 workers of 8 for evacuation
[2020-07-11T09:49:54.435+0530][gc,phases     ] GC(10)   Pre Evacuate Collection Set: 0.1ms
[2020-07-11T09:49:54.435+0530][gc,phases     ] GC(10)   Evacuate Collection Set: 7.4ms
[2020-07-11T09:49:54.435+0530][gc,phases     ] GC(10)   Post Evacuate Collection Set: 0.7ms
[2020-07-11T09:49:54.435+0530][gc,phases     ] GC(10)   Other: 5.2ms
[2020-07-11T09:49:54.435+0530][gc,heap       ] GC(10) Eden regions: 48->0(53)
[2020-07-11T09:49:54.435+0530][gc,heap       ] GC(10) Survivor regions: 5->4(7)
[2020-07-11T09:49:54.435+0530][gc,heap       ] GC(10) Old regions: 14->15
[2020-07-11T09:49:54.435+0530][gc,heap       ] GC(10) Humongous regions: 129->129
[2020-07-11T09:49:54.435+0530][gc,metaspace  ] GC(10) Metaspace: 39405K->39405K(1085440K)
[2020-07-11T09:49:54.435+0530][gc            ] GC(10) Pause Young (Normal) (G1 Evacuation Pause) 193M->145M(1024M) 13.472ms
[2020-07-11T09:49:54.435+0530][gc,cpu        ] GC(10) User=0.06s Sys=0.00s Real=0.02s
[2020-07-11T10:02:44.422+0530][gc,start      ] GC(11) Pause Young (Normal) (G1 Evacuation Pause)
[2020-07-11T10:02:44.445+0530][gc,task       ] GC(11) Using 8 workers of 8 for evacuation
[2020-07-11T10:02:44.463+0530][gc,phases     ] GC(11)   Pre Evacuate Collection Set: 0.1ms
[2020-07-11T10:02:44.463+0530][gc,phases     ] GC(11)   Evacuate Collection Set: 13.1ms
[2020-07-11T10:02:44.463+0530][gc,phases     ] GC(11)   Post Evacuate Collection Set: 4.4ms
[2020-07-11T10:02:44.463+0530][gc,phases     ] GC(11)   Other: 23.4ms
[2020-07-11T10:02:44.463+0530][gc,heap       ] GC(11) Eden regions: 53->0(53)
[2020-07-11T10:02:44.463+0530][gc,heap       ] GC(11) Survivor regions: 4->4(8)
[2020-07-11T10:02:44.463+0530][gc,heap       ] GC(11) Old regions: 15->15
[2020-07-11T10:02:44.463+0530][gc,heap       ] GC(11) Humongous regions: 129->129
[2020-07-11T10:02:44.463+0530][gc,metaspace  ] GC(11) Metaspace: 39491K->39491K(1085440K)
[2020-07-11T10:02:44.464+0530][gc            ] GC(11) Pause Young (Normal) (G1 Evacuation Pause) 198M->145M(1024M) 41.220ms
[2020-07-11T10:02:44.464+0530][gc,cpu        ] GC(11) User=0.12s Sys=0.00s Real=0.04s
[2020-07-11T10:16:10.806+0530][gc,start      ] GC(12) Pause Young (Normal) (G1 Evacuation Pause)
[2020-07-11T10:16:10.806+0530][gc,task       ] GC(12) Using 8 workers of 8 for evacuation
[2020-07-11T10:16:10.815+0530][gc,phases     ] GC(12)   Pre Evacuate Collection Set: 0.0ms
[2020-07-11T10:16:10.815+0530][gc,phases     ] GC(12)   Evacuate Collection Set: 7.0ms
[2020-07-11T10:16:10.815+0530][gc,phases     ] GC(12)   Post Evacuate Collection Set: 2.0ms
[2020-07-11T10:16:10.815+0530][gc,phases     ] GC(12)   Other: 0.3ms
[2020-07-11T10:16:10.815+0530][gc,heap       ] GC(12) Eden regions: 53->0(58)
[2020-07-11T10:16:10.815+0530][gc,heap       ] GC(12) Survivor regions: 4->4(8)
[2020-07-11T10:16:10.815+0530][gc,heap       ] GC(12) Old regions: 15->15
[2020-07-11T10:16:10.815+0530][gc,heap       ] GC(12) Humongous regions: 129->129
[2020-07-11T10:16:10.815+0530][gc,metaspace  ] GC(12) Metaspace: 39528K->39528K(1085440K)
[2020-07-11T10:16:10.815+0530][gc            ] GC(12) Pause Young (Normal) (G1 Evacuation Pause) 198M->146M(1024M) 9.436ms
[2020-07-11T10:16:10.815+0530][gc,cpu        ] GC(12) User=0.05s Sys=0.00s Real=0.01s
[2020-07-11T10:27:40.857+0530][gc,start      ] GC(13) Pause Young (Normal) (G1 Evacuation Pause)
[2020-07-11T10:27:40.866+0530][gc,task       ] GC(13) Using 8 workers of 8 for evacuation
[2020-07-11T10:27:40.877+0530][gc,phases     ] GC(13)   Pre Evacuate Collection Set: 0.1ms
[2020-07-11T10:27:40.877+0530][gc,phases     ] GC(13)   Evacuate Collection Set: 9.2ms
[2020-07-11T10:27:40.877+0530][gc,phases     ] GC(13)   Post Evacuate Collection Set: 2.0ms
[2020-07-11T10:27:40.877+0530][gc,phases     ] GC(13)   Other: 8.9ms
[2020-07-11T10:27:40.877+0530][gc,heap       ] GC(13) Eden regions: 58->0(60)
[2020-07-11T10:27:40.878+0530][gc,heap       ] GC(13) Survivor regions: 4->5(8)
[2020-07-11T10:27:40.878+0530][gc,heap       ] GC(13) Old regions: 15->15
[2020-07-11T10:27:40.878+0530][gc,heap       ] GC(13) Humongous regions: 129->129
[2020-07-11T10:27:40.878+0530][gc,metaspace  ] GC(13) Metaspace: 39539K->39539K(1085440K)
[2020-07-11T10:27:40.878+0530][gc            ] GC(13) Pause Young (Normal) (G1 Evacuation Pause) 204M->146M(1024M) 20.280ms
[2020-07-11T10:27:40.878+0530][gc,cpu        ] GC(13) User=0.08s Sys=0.00s Real=0.02s
