[2020-07-08T10:29:15.229+0530][gc,heap] Heap region size: 1M
[2020-07-08T10:29:15.241+0530][gc     ] Using G1
[2020-07-08T10:29:15.241+0530][gc,heap,coops] Heap address: 0x00000000c0000000, size: 1024 MB, Compressed Oops mode: 32-bit
[2020-07-08T10:29:15.241+0530][gc,cds       ] Mark closed archive regions in map: [0x00000000fff00000, 0x00000000fff69ff8]
[2020-07-08T10:29:15.241+0530][gc,cds       ] Mark open archive regions in map: [0x00000000ffe00000, 0x00000000ffe46ff8]
[2020-07-08T10:29:17.553+0530][gc,start     ] GC(0) Pause Young (Normal) (G1 Evacuation Pause)
[2020-07-08T10:29:17.554+0530][gc,task      ] GC(0) Using 8 workers of 8 for evacuation
[2020-07-08T10:29:17.570+0530][gc,phases    ] GC(0)   Pre Evacuate Collection Set: 0.0ms
[2020-07-08T10:29:17.570+0530][gc,phases    ] GC(0)   Evacuate Collection Set: 15.3ms
[2020-07-08T10:29:17.570+0530][gc,phases    ] GC(0)   Post Evacuate Collection Set: 0.7ms
[2020-07-08T10:29:17.570+0530][gc,phases    ] GC(0)   Other: 1.6ms
[2020-07-08T10:29:17.570+0530][gc,heap      ] GC(0) Eden regions: 51->0(44)
[2020-07-08T10:29:17.570+0530][gc,heap      ] GC(0) Survivor regions: 0->7(7)
[2020-07-08T10:29:17.570+0530][gc,heap      ] GC(0) Old regions: 2->2
[2020-07-08T10:29:17.570+0530][gc,heap      ] GC(0) Humongous regions: 0->0
[2020-07-08T10:29:17.570+0530][gc,metaspace ] GC(0) Metaspace: 15489K->15489K(1062912K)
[2020-07-08T10:29:17.570+0530][gc           ] GC(0) Pause Young (Normal) (G1 Evacuation Pause) 51M->6M(1024M) 17.861ms
[2020-07-08T10:29:17.571+0530][gc,cpu       ] GC(0) User=0.11s Sys=0.00s Real=0.02s
[2020-07-08T10:29:18.220+0530][gc,start     ] GC(1) Pause Young (Concurrent Start) (Metadata GC Threshold)
[2020-07-08T10:29:18.220+0530][gc,task      ] GC(1) Using 8 workers of 8 for evacuation
[2020-07-08T10:29:18.234+0530][gc,phases    ] GC(1)   Pre Evacuate Collection Set: 0.1ms
[2020-07-08T10:29:18.234+0530][gc,phases    ] GC(1)   Evacuate Collection Set: 13.6ms
[2020-07-08T10:29:18.234+0530][gc,phases    ] GC(1)   Post Evacuate Collection Set: 0.8ms
[2020-07-08T10:29:18.234+0530][gc,phases    ] GC(1)   Other: 0.3ms
[2020-07-08T10:29:18.234+0530][gc,heap      ] GC(1) Eden regions: 22->0(49)
[2020-07-08T10:29:18.234+0530][gc,heap      ] GC(1) Survivor regions: 7->2(7)
[2020-07-08T10:29:18.234+0530][gc,heap      ] GC(1) Old regions: 2->9
[2020-07-08T10:29:18.234+0530][gc,heap      ] GC(1) Humongous regions: 129->129
[2020-07-08T10:29:18.234+0530][gc,metaspace ] GC(1) Metaspace: 20607K->20607K(1067008K)
[2020-07-08T10:29:18.234+0530][gc           ] GC(1) Pause Young (Concurrent Start) (Metadata GC Threshold) 157M->137M(1024M) 14.913ms
[2020-07-08T10:29:18.234+0530][gc,cpu       ] GC(1) User=0.06s Sys=0.01s Real=0.01s
[2020-07-08T10:29:18.235+0530][gc           ] GC(2) Concurrent Cycle
[2020-07-08T10:29:18.235+0530][gc,marking   ] GC(2) Concurrent Clear Claimed Marks
[2020-07-08T10:29:18.235+0530][gc,marking   ] GC(2) Concurrent Clear Claimed Marks 0.066ms
[2020-07-08T10:29:18.235+0530][gc,marking   ] GC(2) Concurrent Scan Root Regions
[2020-07-08T10:29:18.236+0530][gc,marking   ] GC(2) Concurrent Scan Root Regions 1.177ms
[2020-07-08T10:29:18.236+0530][gc,marking   ] GC(2) Concurrent Mark (3.010s)
[2020-07-08T10:29:18.236+0530][gc,marking   ] GC(2) Concurrent Mark From Roots
[2020-07-08T10:29:18.236+0530][gc,task      ] GC(2) Using 2 workers of 2 for marking
[2020-07-08T10:29:18.245+0530][gc,marking   ] GC(2) Concurrent Mark From Roots 9.061ms
[2020-07-08T10:29:18.245+0530][gc,marking   ] GC(2) Concurrent Preclean
[2020-07-08T10:29:18.245+0530][gc,marking   ] GC(2) Concurrent Preclean 0.326ms
[2020-07-08T10:29:18.245+0530][gc,marking   ] GC(2) Concurrent Mark (3.010s, 3.020s) 9.471ms
[2020-07-08T10:29:18.246+0530][gc,start     ] GC(2) Pause Remark
[2020-07-08T10:29:18.249+0530][gc,stringtable] GC(2) Cleaned string and symbol table, strings: 5003 processed, 0 removed, symbols: 50986 processed, 44 removed
[2020-07-08T10:29:18.250+0530][gc            ] GC(2) Pause Remark 138M->138M(1024M) 4.016ms
[2020-07-08T10:29:18.250+0530][gc,cpu        ] GC(2) User=0.02s Sys=0.00s Real=0.01s
[2020-07-08T10:29:18.250+0530][gc,marking    ] GC(2) Concurrent Rebuild Remembered Sets
[2020-07-08T10:29:18.256+0530][gc,marking    ] GC(2) Concurrent Rebuild Remembered Sets 6.509ms
[2020-07-08T10:29:18.257+0530][gc,start      ] GC(2) Pause Cleanup
[2020-07-08T10:29:18.257+0530][gc            ] GC(2) Pause Cleanup 138M->138M(1024M) 0.428ms
[2020-07-08T10:29:18.257+0530][gc,cpu        ] GC(2) User=0.00s Sys=0.00s Real=0.00s
[2020-07-08T10:29:18.257+0530][gc,marking    ] GC(2) Concurrent Cleanup for Next Mark
[2020-07-08T10:29:18.264+0530][gc,marking    ] GC(2) Concurrent Cleanup for Next Mark 7.181ms
[2020-07-08T10:29:18.264+0530][gc            ] GC(2) Concurrent Cycle 29.874ms
[2020-07-08T10:29:19.340+0530][gc,start      ] GC(3) Pause Young (Normal) (G1 Evacuation Pause)
[2020-07-08T10:29:19.340+0530][gc,task       ] GC(3) Using 8 workers of 8 for evacuation
[2020-07-08T10:29:19.362+0530][gc,mmu        ] GC(3) MMU target violated: 21.0ms (20.0ms/21.0ms)
[2020-07-08T10:29:19.362+0530][gc,phases     ] GC(3)   Pre Evacuate Collection Set: 0.0ms
[2020-07-08T10:29:19.362+0530][gc,phases     ] GC(3)   Evacuate Collection Set: 20.6ms
[2020-07-08T10:29:19.362+0530][gc,phases     ] GC(3)   Post Evacuate Collection Set: 0.8ms
[2020-07-08T10:29:19.362+0530][gc,phases     ] GC(3)   Other: 0.3ms
[2020-07-08T10:29:19.362+0530][gc,heap       ] GC(3) Eden regions: 49->0(46)
[2020-07-08T10:29:19.362+0530][gc,heap       ] GC(3) Survivor regions: 2->5(7)
[2020-07-08T10:29:19.362+0530][gc,heap       ] GC(3) Old regions: 9->9
[2020-07-08T10:29:19.362+0530][gc,heap       ] GC(3) Humongous regions: 129->129
[2020-07-08T10:29:19.362+0530][gc,metaspace  ] GC(3) Metaspace: 29946K->29946K(1077248K)
[2020-07-08T10:29:19.362+0530][gc            ] GC(3) Pause Young (Normal) (G1 Evacuation Pause) 186M->140M(1024M) 21.985ms
[2020-07-08T10:29:19.362+0530][gc,cpu        ] GC(3) User=0.13s Sys=0.00s Real=0.02s
[2020-07-08T10:29:35.285+0530][gc,start      ] GC(4) Pause Young (Concurrent Start) (Metadata GC Threshold)
[2020-07-08T10:29:35.285+0530][gc,task       ] GC(4) Using 8 workers of 8 for evacuation
[2020-07-08T10:29:35.295+0530][gc,phases     ] GC(4)   Pre Evacuate Collection Set: 0.1ms
[2020-07-08T10:29:35.295+0530][gc,phases     ] GC(4)   Evacuate Collection Set: 8.4ms
[2020-07-08T10:29:35.295+0530][gc,phases     ] GC(4)   Post Evacuate Collection Set: 0.5ms
[2020-07-08T10:29:35.295+0530][gc,phases     ] GC(4)   Other: 0.3ms
[2020-07-08T10:29:35.295+0530][gc,heap       ] GC(4) Eden regions: 21->0(49)
[2020-07-08T10:29:35.295+0530][gc,heap       ] GC(4) Survivor regions: 5->2(7)
[2020-07-08T10:29:35.295+0530][gc,heap       ] GC(4) Old regions: 9->13
[2020-07-08T10:29:35.295+0530][gc,heap       ] GC(4) Humongous regions: 129->129
[2020-07-08T10:29:35.295+0530][gc,metaspace  ] GC(4) Metaspace: 34266K->34266K(1081344K)
[2020-07-08T10:29:35.295+0530][gc            ] GC(4) Pause Young (Concurrent Start) (Metadata GC Threshold) 160M->141M(1024M) 9.508ms
[2020-07-08T10:29:35.295+0530][gc,cpu        ] GC(4) User=0.04s Sys=0.01s Real=0.01s
[2020-07-08T10:29:35.295+0530][gc            ] GC(5) Concurrent Cycle
[2020-07-08T10:29:35.295+0530][gc,marking    ] GC(5) Concurrent Clear Claimed Marks
[2020-07-08T10:29:35.295+0530][gc,marking    ] GC(5) Concurrent Clear Claimed Marks 0.136ms
[2020-07-08T10:29:35.295+0530][gc,marking    ] GC(5) Concurrent Scan Root Regions
[2020-07-08T10:29:35.297+0530][gc,marking    ] GC(5) Concurrent Scan Root Regions 1.832ms
[2020-07-08T10:29:35.297+0530][gc,marking    ] GC(5) Concurrent Mark (20.072s)
[2020-07-08T10:29:35.297+0530][gc,marking    ] GC(5) Concurrent Mark From Roots
[2020-07-08T10:29:35.297+0530][gc,task       ] GC(5) Using 2 workers of 2 for marking
[2020-07-08T10:29:35.312+0530][gc,marking    ] GC(5) Concurrent Mark From Roots 15.451ms
[2020-07-08T10:29:35.312+0530][gc,marking    ] GC(5) Concurrent Preclean
[2020-07-08T10:29:35.313+0530][gc,marking    ] GC(5) Concurrent Preclean 0.230ms
[2020-07-08T10:29:35.313+0530][gc,marking    ] GC(5) Concurrent Mark (20.072s, 20.087s) 15.764ms
[2020-07-08T10:29:35.313+0530][gc,start      ] GC(5) Pause Remark
[2020-07-08T10:29:35.318+0530][gc,stringtable] GC(5) Cleaned string and symbol table, strings: 10268 processed, 10 removed, symbols: 79569 processed, 20 removed
[2020-07-08T10:29:35.318+0530][gc            ] GC(5) Pause Remark 142M->142M(1024M) 5.606ms
[2020-07-08T10:29:35.319+0530][gc,cpu        ] GC(5) User=0.02s Sys=0.00s Real=0.01s
[2020-07-08T10:29:35.319+0530][gc,marking    ] GC(5) Concurrent Rebuild Remembered Sets
[2020-07-08T10:29:35.330+0530][gc,marking    ] GC(5) Concurrent Rebuild Remembered Sets 10.915ms
[2020-07-08T10:29:35.330+0530][gc,start      ] GC(5) Pause Cleanup
[2020-07-08T10:29:35.330+0530][gc            ] GC(5) Pause Cleanup 142M->142M(1024M) 0.410ms
[2020-07-08T10:29:35.330+0530][gc,cpu        ] GC(5) User=0.01s Sys=0.00s Real=0.00s
[2020-07-08T10:29:35.330+0530][gc,marking    ] GC(5) Concurrent Cleanup for Next Mark
[2020-07-08T10:29:35.337+0530][gc,marking    ] GC(5) Concurrent Cleanup for Next Mark 6.551ms
[2020-07-08T10:29:35.337+0530][gc            ] GC(5) Concurrent Cycle 41.949ms
[2020-07-08T10:34:44.989+0530][gc,start      ] GC(6) Pause Young (Normal) (G1 Evacuation Pause)
[2020-07-08T10:34:44.989+0530][gc,task       ] GC(6) Using 8 workers of 8 for evacuation
[2020-07-08T10:34:44.994+0530][gc,phases     ] GC(6)   Pre Evacuate Collection Set: 0.0ms
[2020-07-08T10:34:44.994+0530][gc,phases     ] GC(6)   Evacuate Collection Set: 3.7ms
[2020-07-08T10:34:44.994+0530][gc,phases     ] GC(6)   Post Evacuate Collection Set: 0.5ms
[2020-07-08T10:34:44.994+0530][gc,phases     ] GC(6)   Other: 0.2ms
[2020-07-08T10:34:44.994+0530][gc,heap       ] GC(6) Eden regions: 49->0(47)
[2020-07-08T10:34:44.994+0530][gc,heap       ] GC(6) Survivor regions: 2->4(7)
[2020-07-08T10:34:44.994+0530][gc,heap       ] GC(6) Old regions: 13->13
[2020-07-08T10:34:44.994+0530][gc,heap       ] GC(6) Humongous regions: 129->129
[2020-07-08T10:34:44.994+0530][gc,metaspace  ] GC(6) Metaspace: 37420K->37420K(1083392K)
[2020-07-08T10:34:44.994+0530][gc            ] GC(6) Pause Young (Normal) (G1 Evacuation Pause) 190M->144M(1024M) 4.603ms
[2020-07-08T10:34:44.994+0530][gc,cpu        ] GC(6) User=0.02s Sys=0.00s Real=0.00s
[2020-07-08T10:45:23.029+0530][gc,start      ] GC(7) Pause Young (Normal) (G1 Evacuation Pause)
[2020-07-08T10:45:23.029+0530][gc,task       ] GC(7) Using 8 workers of 8 for evacuation
[2020-07-08T10:45:23.035+0530][gc,phases     ] GC(7)   Pre Evacuate Collection Set: 0.0ms
[2020-07-08T10:45:23.035+0530][gc,phases     ] GC(7)   Evacuate Collection Set: 5.4ms
[2020-07-08T10:45:23.035+0530][gc,phases     ] GC(7)   Post Evacuate Collection Set: 0.3ms
[2020-07-08T10:45:23.035+0530][gc,phases     ] GC(7)   Other: 0.2ms
[2020-07-08T10:45:23.035+0530][gc,heap       ] GC(7) Eden regions: 47->0(46)
[2020-07-08T10:45:23.035+0530][gc,heap       ] GC(7) Survivor regions: 4->5(7)
[2020-07-08T10:45:23.035+0530][gc,heap       ] GC(7) Old regions: 13->14
[2020-07-08T10:45:23.035+0530][gc,heap       ] GC(7) Humongous regions: 129->129
[2020-07-08T10:45:23.035+0530][gc,metaspace  ] GC(7) Metaspace: 37736K->37736K(1083392K)
[2020-07-08T10:45:23.035+0530][gc            ] GC(7) Pause Young (Normal) (G1 Evacuation Pause) 191M->146M(1024M) 6.028ms
[2020-07-08T10:45:23.035+0530][gc,cpu        ] GC(7) User=0.02s Sys=0.00s Real=0.00s
[2020-07-08T10:56:25.066+0530][gc,start      ] GC(8) Pause Young (Normal) (G1 Evacuation Pause)
[2020-07-08T10:56:25.066+0530][gc,task       ] GC(8) Using 8 workers of 8 for evacuation
[2020-07-08T10:56:25.070+0530][gc,phases     ] GC(8)   Pre Evacuate Collection Set: 0.0ms
[2020-07-08T10:56:25.070+0530][gc,phases     ] GC(8)   Evacuate Collection Set: 3.4ms
[2020-07-08T10:56:25.070+0530][gc,phases     ] GC(8)   Post Evacuate Collection Set: 0.3ms
[2020-07-08T10:56:25.070+0530][gc,phases     ] GC(8)   Other: 0.2ms
[2020-07-08T10:56:25.070+0530][gc,heap       ] GC(8) Eden regions: 46->0(48)
[2020-07-08T10:56:25.070+0530][gc,heap       ] GC(8) Survivor regions: 5->3(7)
[2020-07-08T10:56:25.070+0530][gc,heap       ] GC(8) Old regions: 14->16
[2020-07-08T10:56:25.070+0530][gc,heap       ] GC(8) Humongous regions: 129->129
[2020-07-08T10:56:25.070+0530][gc,metaspace  ] GC(8) Metaspace: 37860K->37860K(1083392K)
[2020-07-08T10:56:25.070+0530][gc            ] GC(8) Pause Young (Normal) (G1 Evacuation Pause) 192M->145M(1024M) 3.990ms
[2020-07-08T10:56:25.070+0530][gc,cpu        ] GC(8) User=0.02s Sys=0.00s Real=0.01s
[2020-07-08T11:08:25.084+0530][gc,start      ] GC(9) Pause Young (Normal) (G1 Evacuation Pause)
[2020-07-08T11:08:25.084+0530][gc,task       ] GC(9) Using 8 workers of 8 for evacuation
[2020-07-08T11:08:25.088+0530][gc,phases     ] GC(9)   Pre Evacuate Collection Set: 0.0ms
[2020-07-08T11:08:25.088+0530][gc,phases     ] GC(9)   Evacuate Collection Set: 2.7ms
[2020-07-08T11:08:25.088+0530][gc,phases     ] GC(9)   Post Evacuate Collection Set: 0.9ms
[2020-07-08T11:08:25.088+0530][gc,phases     ] GC(9)   Other: 0.2ms
[2020-07-08T11:08:25.088+0530][gc,heap       ] GC(9) Eden regions: 48->0(48)
[2020-07-08T11:08:25.088+0530][gc,heap       ] GC(9) Survivor regions: 3->3(7)
[2020-07-08T11:08:25.088+0530][gc,heap       ] GC(9) Old regions: 16->16
[2020-07-08T11:08:25.088+0530][gc,heap       ] GC(9) Humongous regions: 129->129
[2020-07-08T11:08:25.088+0530][gc,metaspace  ] GC(9) Metaspace: 37955K->37955K(1083392K)
[2020-07-08T11:08:25.088+0530][gc            ] GC(9) Pause Young (Normal) (G1 Evacuation Pause) 193M->145M(1024M) 3.974ms
[2020-07-08T11:08:25.088+0530][gc,cpu        ] GC(9) User=0.01s Sys=0.01s Real=0.01s
[2020-07-08T11:20:46.376+0530][gc,start      ] GC(10) Pause Young (Normal) (G1 Evacuation Pause)
[2020-07-08T11:20:46.376+0530][gc,task       ] GC(10) Using 8 workers of 8 for evacuation
[2020-07-08T11:20:46.380+0530][gc,phases     ] GC(10)   Pre Evacuate Collection Set: 0.0ms
[2020-07-08T11:20:46.380+0530][gc,phases     ] GC(10)   Evacuate Collection Set: 2.2ms
[2020-07-08T11:20:46.380+0530][gc,phases     ] GC(10)   Post Evacuate Collection Set: 2.1ms
[2020-07-08T11:20:46.381+0530][gc,phases     ] GC(10)   Other: 0.2ms
[2020-07-08T11:20:46.381+0530][gc,heap       ] GC(10) Eden regions: 48->0(63)
[2020-07-08T11:20:46.381+0530][gc,heap       ] GC(10) Survivor regions: 3->3(7)
[2020-07-08T11:20:46.381+0530][gc,heap       ] GC(10) Old regions: 16->16
[2020-07-08T11:20:46.381+0530][gc,heap       ] GC(10) Humongous regions: 129->129
[2020-07-08T11:20:46.381+0530][gc,metaspace  ] GC(10) Metaspace: 38240K->38240K(1083392K)
[2020-07-08T11:20:46.381+0530][gc            ] GC(10) Pause Young (Normal) (G1 Evacuation Pause) 193M->145M(1024M) 4.653ms
[2020-07-08T11:20:46.381+0530][gc,cpu        ] GC(10) User=0.03s Sys=0.00s Real=0.00s
[2020-07-08T11:36:08.596+0530][gc,start      ] GC(11) Pause Young (Normal) (G1 Evacuation Pause)
[2020-07-08T11:36:08.596+0530][gc,task       ] GC(11) Using 8 workers of 8 for evacuation
[2020-07-08T11:36:08.602+0530][gc,phases     ] GC(11)   Pre Evacuate Collection Set: 0.0ms
[2020-07-08T11:36:08.602+0530][gc,phases     ] GC(11)   Evacuate Collection Set: 4.3ms
[2020-07-08T11:36:08.602+0530][gc,phases     ] GC(11)   Post Evacuate Collection Set: 0.9ms
[2020-07-08T11:36:08.602+0530][gc,phases     ] GC(11)   Other: 0.2ms
[2020-07-08T11:36:08.602+0530][gc,heap       ] GC(11) Eden regions: 63->0(237)
[2020-07-08T11:36:08.602+0530][gc,heap       ] GC(11) Survivor regions: 3->5(9)
[2020-07-08T11:36:08.602+0530][gc,heap       ] GC(11) Old regions: 16->16
[2020-07-08T11:36:08.602+0530][gc,heap       ] GC(11) Humongous regions: 129->129
[2020-07-08T11:36:08.602+0530][gc,metaspace  ] GC(11) Metaspace: 38319K->38319K(1083392K)
[2020-07-08T11:36:08.602+0530][gc            ] GC(11) Pause Young (Normal) (G1 Evacuation Pause) 208M->147M(1024M) 5.607ms
[2020-07-08T11:36:08.602+0530][gc,cpu        ] GC(11) User=0.03s Sys=0.00s Real=0.00s
[2020-07-08T12:36:48.085+0530][gc,start      ] GC(12) Pause Young (Normal) (G1 Evacuation Pause)
[2020-07-08T12:36:48.153+0530][gc,task       ] GC(12) Using 8 workers of 8 for evacuation
[2020-07-08T12:36:48.159+0530][gc,phases     ] GC(12)   Pre Evacuate Collection Set: 0.0ms
[2020-07-08T12:36:48.159+0530][gc,phases     ] GC(12)   Evacuate Collection Set: 4.1ms
[2020-07-08T12:36:48.159+0530][gc,phases     ] GC(12)   Post Evacuate Collection Set: 1.1ms
[2020-07-08T12:36:48.159+0530][gc,phases     ] GC(12)   Other: 68.9ms
[2020-07-08T12:36:48.159+0530][gc,heap       ] GC(12) Eden regions: 237->0(609)
[2020-07-08T12:36:48.159+0530][gc,heap       ] GC(12) Survivor regions: 5->5(31)
[2020-07-08T12:36:48.159+0530][gc,heap       ] GC(12) Old regions: 16->16
[2020-07-08T12:36:48.159+0530][gc,heap       ] GC(12) Humongous regions: 129->129
[2020-07-08T12:36:48.159+0530][gc,metaspace  ] GC(12) Metaspace: 38496K->38496K(1085440K)
[2020-07-08T12:36:48.159+0530][gc            ] GC(12) Pause Young (Normal) (G1 Evacuation Pause) 384M->148M(1024M) 74.187ms
[2020-07-08T12:36:48.159+0530][gc,cpu        ] GC(12) User=0.03s Sys=0.01s Real=0.08s
[2020-07-08T15:39:52.103+0530][gc,start      ] GC(13) Pause Young (Normal) (G1 Evacuation Pause)
[2020-07-08T15:39:52.179+0530][gc,task       ] GC(13) Using 8 workers of 8 for evacuation
[2020-07-08T15:39:52.187+0530][gc,phases     ] GC(13)   Pre Evacuate Collection Set: 0.0ms
[2020-07-08T15:39:52.187+0530][gc,phases     ] GC(13)   Evacuate Collection Set: 6.1ms
[2020-07-08T15:39:52.187+0530][gc,phases     ] GC(13)   Post Evacuate Collection Set: 1.8ms
[2020-07-08T15:39:52.187+0530][gc,phases     ] GC(13)   Other: 76.0ms
[2020-07-08T15:39:52.187+0530][gc,heap       ] GC(13) Eden regions: 609->0(609)
[2020-07-08T15:39:52.187+0530][gc,heap       ] GC(13) Survivor regions: 5->5(77)
[2020-07-08T15:39:52.187+0530][gc,heap       ] GC(13) Old regions: 16->16
[2020-07-08T15:39:52.187+0530][gc,heap       ] GC(13) Humongous regions: 129->129
[2020-07-08T15:39:52.187+0530][gc,metaspace  ] GC(13) Metaspace: 38611K->38611K(1085440K)
[2020-07-08T15:39:52.187+0530][gc            ] GC(13) Pause Young (Normal) (G1 Evacuation Pause) 757M->147M(1024M) 84.109ms
[2020-07-08T15:39:52.187+0530][gc,cpu        ] GC(13) User=0.04s Sys=0.00s Real=0.09s
