[2020-07-10T15:24:03.885+0530][gc,heap] Heap region size: 1M
[2020-07-10T15:24:03.890+0530][gc     ] Using G1
[2020-07-10T15:24:03.890+0530][gc,heap,coops] Heap address: 0x00000000e0000000, size: 512 MB, Compressed Oops mode: 32-bit
[2020-07-10T15:24:03.890+0530][gc,cds       ] Mark closed archive regions in map: [0x00000000fff00000, 0x00000000fff69ff8]
[2020-07-10T15:24:03.890+0530][gc,cds       ] Mark open archive regions in map: [0x00000000ffe00000, 0x00000000ffe46ff8]
[2020-07-10T15:24:05.736+0530][gc,heap,exit ] Heap
[2020-07-10T15:24:05.736+0530][gc,heap,exit ]  garbage-first heap   total 524288K, used 18116K [0x00000000e0000000, 0x0000000100000000)
[2020-07-10T15:24:05.736+0530][gc,heap,exit ]   region size 1024K, 19 young (19456K), 0 survivors (0K)
[2020-07-10T15:24:05.736+0530][gc,heap,exit ]  Metaspace       used 6740K, capacity 7061K, committed 7424K, reserved 1056768K
[2020-07-10T15:24:05.736+0530][gc,heap,exit ]   class space    used 779K, capacity 908K, committed 1024K, reserved 1048576K
