[2020-07-10T16:24:04.057+0530][gc,heap] Heap region size: 1M
[2020-07-10T16:24:04.067+0530][gc     ] Using G1
[2020-07-10T16:24:04.067+0530][gc,heap,coops] Heap address: 0x00000000e0000000, size: 512 MB, Compressed Oops mode: 32-bit
[2020-07-10T16:24:04.068+0530][gc,cds       ] Mark closed archive regions in map: [0x00000000fff00000, 0x00000000fff69ff8]
[2020-07-10T16:24:04.068+0530][gc,cds       ] Mark open archive regions in map: [0x00000000ffe00000, 0x00000000ffe46ff8]
[2020-07-10T16:24:31.514+0530][gc,start     ] GC(0) Pause Young (Normal) (G1 Evacuation Pause)
[2020-07-10T16:24:31.518+0530][gc,task      ] GC(0) Using 8 workers of 8 for evacuation
[2020-07-10T16:24:31.532+0530][gc,phases    ] GC(0)   Pre Evacuate Collection Set: 0.0ms
[2020-07-10T16:24:31.532+0530][gc,phases    ] GC(0)   Evacuate Collection Set: 13.1ms
[2020-07-10T16:24:31.532+0530][gc,phases    ] GC(0)   Post Evacuate Collection Set: 0.6ms
[2020-07-10T16:24:31.532+0530][gc,phases    ] GC(0)   Other: 3.7ms
[2020-07-10T16:24:31.532+0530][gc,heap      ] GC(0) Eden regions: 25->0(21)
[2020-07-10T16:24:31.532+0530][gc,heap      ] GC(0) Survivor regions: 0->4(4)
[2020-07-10T16:24:31.532+0530][gc,heap      ] GC(0) Old regions: 2->4
[2020-07-10T16:24:31.532+0530][gc,heap      ] GC(0) Humongous regions: 0->0
[2020-07-10T16:24:31.532+0530][gc,metaspace ] GC(0) Metaspace: 7571K->7571K(1056768K)
[2020-07-10T16:24:31.532+0530][gc           ] GC(0) Pause Young (Normal) (G1 Evacuation Pause) 25M->5M(512M) 17.579ms
[2020-07-10T16:24:31.532+0530][gc,cpu       ] GC(0) User=0.08s Sys=0.00s Real=0.01s
[2020-07-10T18:21:01.470+0530][gc,heap,exit ] Heap
[2020-07-10T18:21:01.496+0530][gc,heap,exit ]  garbage-first heap   total 524288K, used 17176K [0x00000000e0000000, 0x0000000100000000)
[2020-07-10T18:21:01.497+0530][gc,heap,exit ]   region size 1024K, 16 young (16384K), 4 survivors (4096K)
[2020-07-10T18:21:01.497+0530][gc,heap,exit ]  Metaspace       used 8329K, capacity 8638K, committed 8704K, reserved 1056768K
[2020-07-10T18:21:01.497+0530][gc,heap,exit ]   class space    used 893K, capacity 1006K, committed 1024K, reserved 1048576K
