[2020-07-11T07:29:15.918+0530][gc,heap] Heap region size: 1M
[2020-07-11T07:29:15.926+0530][gc     ] Using G1
[2020-07-11T07:29:15.926+0530][gc,heap,coops] Heap address: 0x00000000e0000000, size: 512 MB, Compressed Oops mode: 32-bit
[2020-07-11T07:29:15.927+0530][gc,cds       ] Mark closed archive regions in map: [0x00000000fff00000, 0x00000000fff69ff8]
[2020-07-11T07:29:15.927+0530][gc,cds       ] Mark open archive regions in map: [0x00000000ffe00000, 0x00000000ffe46ff8]
[2020-07-11T07:29:16.409+0530][gc,heap,exit ] Heap
[2020-07-11T07:29:16.409+0530][gc,heap,exit ]  garbage-first heap   total 524288K, used 17092K [0x00000000e0000000, 0x0000000100000000)
[2020-07-11T07:29:16.410+0530][gc,heap,exit ]   region size 1024K, 18 young (18432K), 0 survivors (0K)
[2020-07-11T07:29:16.410+0530][gc,heap,exit ]  Metaspace       used 6697K, capacity 6997K, committed 7168K, reserved 1056768K
[2020-07-11T07:29:16.410+0530][gc,heap,exit ]   class space    used 778K, capacity 908K, committed 1024K, reserved 1048576K
