[2020-07-08T10:28:35.135+0530][gc,heap] Heap region size: 1M
[2020-07-08T10:28:35.154+0530][gc     ] Using G1
[2020-07-08T10:28:35.154+0530][gc,heap,coops] Heap address: 0x00000000e0000000, size: 512 MB, Compressed Oops mode: 32-bit
[2020-07-08T10:28:35.155+0530][gc,cds       ] Mark closed archive regions in map: [0x00000000fff00000, 0x00000000fff69ff8]
[2020-07-08T10:28:35.155+0530][gc,cds       ] Mark open archive regions in map: [0x00000000ffe00000, 0x00000000ffe46ff8]
[2020-07-08T10:29:17.163+0530][gc,start     ] GC(0) Pause Young (Normal) (G1 Evacuation Pause)
[2020-07-08T10:29:17.164+0530][gc,task      ] GC(0) Using 8 workers of 8 for evacuation
[2020-07-08T10:29:17.191+0530][gc,mmu       ] GC(0) MMU target violated: 21.0ms (20.0ms/21.0ms)
[2020-07-08T10:29:17.191+0530][gc,phases    ] GC(0)   Pre Evacuate Collection Set: 0.0ms
[2020-07-08T10:29:17.191+0530][gc,phases    ] GC(0)   Evacuate Collection Set: 26.2ms
[2020-07-08T10:29:17.191+0530][gc,phases    ] GC(0)   Post Evacuate Collection Set: 0.5ms
[2020-07-08T10:29:17.191+0530][gc,phases    ] GC(0)   Other: 1.4ms
[2020-07-08T10:29:17.191+0530][gc,heap      ] GC(0) Eden regions: 25->0(21)
[2020-07-08T10:29:17.191+0530][gc,heap      ] GC(0) Survivor regions: 0->4(4)
[2020-07-08T10:29:17.191+0530][gc,heap      ] GC(0) Old regions: 2->4
[2020-07-08T10:29:17.191+0530][gc,heap      ] GC(0) Humongous regions: 0->0
[2020-07-08T10:29:17.191+0530][gc,metaspace ] GC(0) Metaspace: 7602K->7602K(1056768K)
[2020-07-08T10:29:17.191+0530][gc           ] GC(0) Pause Young (Normal) (G1 Evacuation Pause) 25M->5M(512M) 28.230ms
[2020-07-08T10:29:17.191+0530][gc,cpu       ] GC(0) User=0.16s Sys=0.00s Real=0.03s
[2020-07-08T16:09:49.802+0530][gc,heap,exit ] Heap
[2020-07-08T16:09:49.859+0530][gc,heap,exit ]  garbage-first heap   total 524288K, used 25306K [0x00000000e0000000, 0x0000000100000000)
[2020-07-08T16:09:49.859+0530][gc,heap,exit ]   region size 1024K, 24 young (24576K), 4 survivors (4096K)
[2020-07-08T16:09:49.859+0530][gc,heap,exit ]  Metaspace       used 8294K, capacity 8570K, committed 8704K, reserved 1056768K
[2020-07-08T16:09:49.859+0530][gc,heap,exit ]   class space    used 893K, capacity 1006K, committed 1024K, reserved 1048576K
