[2020-07-10T18:21:34.240+0530][gc,heap] Heap region size: 1M
[2020-07-10T18:21:34.248+0530][gc     ] Using G1
[2020-07-10T18:21:34.248+0530][gc,heap,coops] Heap address: 0x00000000e0000000, size: 512 MB, Compressed Oops mode: 32-bit
[2020-07-10T18:21:34.249+0530][gc,cds       ] Mark closed archive regions in map: [0x00000000fff00000, 0x00000000fff69ff8]
[2020-07-10T18:21:34.249+0530][gc,cds       ] Mark open archive regions in map: [0x00000000ffe00000, 0x00000000ffe46ff8]
[2020-07-10T18:22:09.213+0530][gc,start     ] GC(0) Pause Young (Normal) (G1 Evacuation Pause)
[2020-07-10T18:22:09.218+0530][gc,task      ] GC(0) Using 8 workers of 8 for evacuation
[2020-07-10T18:22:09.234+0530][gc,phases    ] GC(0)   Pre Evacuate Collection Set: 0.0ms
[2020-07-10T18:22:09.234+0530][gc,phases    ] GC(0)   Evacuate Collection Set: 15.3ms
[2020-07-10T18:22:09.234+0530][gc,phases    ] GC(0)   Post Evacuate Collection Set: 0.5ms
[2020-07-10T18:22:09.234+0530][gc,phases    ] GC(0)   Other: 5.2ms
[2020-07-10T18:22:09.234+0530][gc,heap      ] GC(0) Eden regions: 25->0(21)
[2020-07-10T18:22:09.234+0530][gc,heap      ] GC(0) Survivor regions: 0->4(4)
[2020-07-10T18:22:09.234+0530][gc,heap      ] GC(0) Old regions: 2->4
[2020-07-10T18:22:09.234+0530][gc,heap      ] GC(0) Humongous regions: 0->0
[2020-07-10T18:22:09.234+0530][gc,metaspace ] GC(0) Metaspace: 7601K->7601K(1056768K)
[2020-07-10T18:22:09.234+0530][gc           ] GC(0) Pause Young (Normal) (G1 Evacuation Pause) 25M->5M(512M) 21.107ms
[2020-07-10T18:22:09.234+0530][gc,cpu       ] GC(0) User=0.10s Sys=0.01s Real=0.03s
[2020-07-10T18:58:06.234+0530][gc,heap,exit ] Heap
[2020-07-10T18:58:06.234+0530][gc,heap,exit ]  garbage-first heap   total 524288K, used 11242K [0x00000000e0000000, 0x0000000100000000)
[2020-07-10T18:58:06.234+0530][gc,heap,exit ]   region size 1024K, 10 young (10240K), 4 survivors (4096K)
[2020-07-10T18:58:06.234+0530][gc,heap,exit ]  Metaspace       used 8091K, capacity 8378K, committed 8448K, reserved 1056768K
[2020-07-10T18:58:06.234+0530][gc,heap,exit ]   class space    used 894K, capacity 1006K, committed 1024K, reserved 1048576K
